Apr 15 11:32:53 localhost.localdomain kernel: Booting Linux on physical CPU 0x0000000000 [0x512f0011]
Apr 15 11:32:53 localhost.localdomain kernel: Linux version 7.0.0-14-generic (buildd@bos03-arm64-047) (aarch64-linux-gnu-gcc (Ubuntu 15.2.0-16ubuntu1) 15.2.0, GNU ld (GNU Binutils for Ubuntu) 2.46) #14-Ubuntu SMP PREEMPT_DYNAMIC Mon Apr 13 10:52:31 UTC 2026 (Ubuntu 7.0.0-14.14-generic 7.0.0)
Apr 15 11:32:53 localhost.localdomain kernel: KASLR enabled
Apr 15 11:32:53 localhost.localdomain kernel: Machine model: Microsoft Surface Laptop 7 (15 inch)
Apr 15 11:32:53 localhost.localdomain kernel: efi: EFI v2.7 by Microsoft
Apr 15 11:32:53 localhost.localdomain kernel: efi: SMBIOS=0xd531e000 SMBIOS 3.0=0xd531c000 TPMFinalLog=0xd5758000 ACPI 2.0=0xd57bf018 MEMATTR=0xcffc7698 ESRT=0xcff25018 MOKvar=0xd5310000 TPMEventLog=0xd5761018 INITRD=0xcfe9b798 RNG=0xd57bfd98 MEMRESERVE=0xcfe84f18 
Apr 15 11:32:53 localhost.localdomain kernel: random: crng init done
Apr 15 11:32:53 localhost.localdomain kernel: secureboot: Secure boot enabled
Apr 15 11:32:53 localhost.localdomain kernel: Kernel is locked down from EFI Secure Boot mode; see man kernel_lockdown.7
Apr 15 11:32:53 localhost.localdomain kernel: esrt: Reserving ESRT space from 0x00000000cff25018 to 0x00000000cff25140.
Apr 15 11:32:53 localhost.localdomain kernel: OF: reserved mem: Skipping dt linux,cma-default for "cma=" kernel param.
Apr 15 11:32:53 localhost.localdomain kernel: OF: reserved mem: 0x0000000080000000..0x00000000807fffff (8192 KiB) nomap non-reusable gunyah-hyp@80000000
Apr 15 11:32:53 localhost.localdomain kernel: OF: reserved mem: 0x0000000080800000..0x00000000809fffff (2048 KiB) nomap non-reusable hyp-elf-package@80800000
Apr 15 11:32:53 localhost.localdomain kernel: OF: reserved mem: 0x0000000080a00000..0x0000000080dfffff (4096 KiB) nomap non-reusable ncc@80a00000
Apr 15 11:32:53 localhost.localdomain kernel: OF: reserved mem: 0x0000000080e00000..0x0000000080e3ffff (256 KiB) nomap non-reusable cpucp-log@80e00000
Apr 15 11:32:53 localhost.localdomain kernel: OF: reserved mem: 0x0000000080e40000..0x000000008137ffff (5376 KiB) nomap non-reusable cpucp@80e40000
Apr 15 11:32:53 localhost.localdomain kernel: OF: reserved mem: 0x0000000081380000..0x00000000813fffff (512 KiB) nomap non-reusable reserved-region@81380000
Apr 15 11:32:53 localhost.localdomain kernel: OF: reserved mem: 0x0000000081400000..0x000000008159ffff (1664 KiB) nomap non-reusable tags-region@81400000
Apr 15 11:32:53 localhost.localdomain kernel: OF: reserved mem: 0x0000000081a00000..0x0000000081a3ffff (256 KiB) nomap non-reusable xbl-dtlog@81a00000
Apr 15 11:32:53 localhost.localdomain kernel: OF: reserved mem: 0x0000000081a40000..0x0000000081bfffff (1792 KiB) nomap non-reusable xbl-ramdump@81a40000
Apr 15 11:32:53 localhost.localdomain kernel: OF: reserved mem: 0x0000000081c00000..0x0000000081c5ffff (384 KiB) nomap non-reusable aop-image@81c00000
Apr 15 11:32:53 localhost.localdomain kernel: OF: reserved mem: 0x0000000081c60000..0x0000000081c7ffff (128 KiB) nomap non-reusable aop-cmd-db@81c60000
Apr 15 11:32:53 localhost.localdomain kernel: OF: reserved mem: 0x0000000081c80000..0x0000000081c9ffff (128 KiB) nomap non-reusable aop-config@81c80000
Apr 15 11:32:53 localhost.localdomain kernel: OF: reserved mem: 0x0000000081ca0000..0x0000000081cdffff (256 KiB) nomap non-reusable tme-crash-dump@81ca0000
Apr 15 11:32:53 localhost.localdomain kernel: OF: reserved mem: 0x0000000081ce0000..0x0000000081ce3fff (16 KiB) nomap non-reusable tme-log@81ce0000
Apr 15 11:32:53 localhost.localdomain kernel: OF: reserved mem: 0x0000000081ce4000..0x0000000081cf3fff (64 KiB) nomap non-reusable uefi-log@81ce4000
Apr 15 11:32:53 localhost.localdomain kernel: OF: reserved mem: 0x0000000081cff000..0x0000000081cfffff (4 KiB) nomap non-reusable secdata-apss@81cff000
Apr 15 11:32:53 localhost.localdomain kernel: OF: reserved mem: 0x0000000081e00000..0x0000000081efffff (1024 KiB) nomap non-reusable pdp-ns-shared@81e00000
Apr 15 11:32:53 localhost.localdomain kernel: OF: reserved mem: 0x0000000081f00000..0x0000000081f0ffff (64 KiB) nomap non-reusable gpu-prr@81f00000
Apr 15 11:32:53 localhost.localdomain kernel: OF: reserved mem: 0x0000000081f10000..0x0000000081f1ffff (64 KiB) nomap non-reusable tpm-control@81f10000
Apr 15 11:32:53 localhost.localdomain kernel: OF: reserved mem: 0x0000000081f20000..0x0000000081f2ffff (64 KiB) nomap non-reusable usb-ucsi-shared@81f20000
Apr 15 11:32:53 localhost.localdomain kernel: OF: reserved mem: 0x0000000081f30000..0x0000000081f35fff (24 KiB) nomap non-reusable pld-pep@81f30000
Apr 15 11:32:53 localhost.localdomain kernel: OF: reserved mem: 0x0000000081f36000..0x0000000081f36fff (4 KiB) nomap non-reusable pld-gmu@81f36000
Apr 15 11:32:53 localhost.localdomain kernel: OF: reserved mem: 0x0000000081f37000..0x0000000081f37fff (4 KiB) nomap non-reusable pld-pdp@81f37000
Apr 15 11:32:53 localhost.localdomain kernel: OF: reserved mem: 0x0000000082700000..0x00000000827fffff (1024 KiB) nomap non-reusable tz-stat@82700000
Apr 15 11:32:53 localhost.localdomain kernel: OF: reserved mem: 0x0000000082800000..0x00000000833fffff (12288 KiB) nomap non-reusable xbl-tmp-buffer@82800000
Apr 15 11:32:53 localhost.localdomain kernel: OF: reserved mem: 0x0000000084b00000..0x00000000852fffff (8192 KiB) nomap non-reusable adsp-rpc-remote-heap@84b00000
Apr 15 11:32:53 localhost.localdomain kernel: OF: reserved mem: 0x0000000085300000..0x000000008537ffff (512 KiB) nomap non-reusable spu-secure-shared-memory@85300000
Apr 15 11:32:53 localhost.localdomain kernel: OF: reserved mem: 0x00000000866c0000..0x00000000866fffff (256 KiB) nomap non-reusable adsp-boot-dtb@866c0000
Apr 15 11:32:53 localhost.localdomain kernel: OF: reserved mem: 0x0000000086700000..0x0000000086afffff (4096 KiB) nomap non-reusable spss-region@86700000
Apr 15 11:32:53 localhost.localdomain kernel: OF: reserved mem: 0x0000000086b00000..0x00000000876fffff (12288 KiB) nomap non-reusable adsp-boot@86b00000
Apr 15 11:32:53 localhost.localdomain kernel: OF: reserved mem: 0x0000000087700000..0x0000000087dfffff (7168 KiB) nomap non-reusable video@87700000
Apr 15 11:32:53 localhost.localdomain kernel: OF: reserved mem: 0x0000000087e00000..0x000000008b7fffff (59392 KiB) nomap non-reusable adspslpi@87e00000
Apr 15 11:32:53 localhost.localdomain kernel: OF: reserved mem: 0x000000008b800000..0x000000008b87ffff (512 KiB) nomap non-reusable q6-adsp-dtb@8b800000
Apr 15 11:32:53 localhost.localdomain kernel: OF: reserved mem: 0x000000008b900000..0x000000008d8fffff (32768 KiB) nomap non-reusable cdsp@8b900000
Apr 15 11:32:53 localhost.localdomain kernel: OF: reserved mem: 0x000000008d900000..0x000000008d97ffff (512 KiB) nomap non-reusable q6-cdsp-dtb@8d900000
Apr 15 11:32:53 localhost.localdomain kernel: OF: reserved mem: 0x000000008d9fe000..0x000000008d9fffff (8 KiB) nomap non-reusable gpu-microcode@8d9fe000
Apr 15 11:32:53 localhost.localdomain kernel: OF: reserved mem: 0x000000008da00000..0x000000008e0fffff (7168 KiB) nomap non-reusable cvp@8da00000
Apr 15 11:32:53 localhost.localdomain kernel: OF: reserved mem: 0x000000008e100000..0x000000008e8fffff (8192 KiB) nomap non-reusable camera@8e100000
Apr 15 11:32:53 localhost.localdomain kernel: OF: reserved mem: 0x000000008e900000..0x000000008effffff (7168 KiB) nomap non-reusable av1-encoder@8e900000
Apr 15 11:32:53 localhost.localdomain kernel: OF: reserved mem: 0x000000008f000000..0x000000008f9fffff (10240 KiB) nomap non-reusable reserved-region@8f000000
Apr 15 11:32:53 localhost.localdomain kernel: OF: reserved mem: 0x000000008fa00000..0x00000000912fffff (25600 KiB) nomap non-reusable wpss@8fa00000
Apr 15 11:32:53 localhost.localdomain kernel: OF: reserved mem: 0x0000000091300000..0x000000009137ffff (512 KiB) nomap non-reusable q6-wpss-dtb@91300000
Apr 15 11:32:53 localhost.localdomain kernel: OF: reserved mem: 0x00000000d8000000..0x00000000d803ffff (256 KiB) nomap non-reusable xbl-sc@d8000000
Apr 15 11:32:53 localhost.localdomain kernel: OF: reserved mem: 0x00000000d8040000..0x00000000d80dffff (640 KiB) nomap non-reusable reserved-region@d8040000
Apr 15 11:32:53 localhost.localdomain kernel: OF: reserved mem: 0x00000000d80e0000..0x00000000d85fffff (5248 KiB) nomap non-reusable qtee@d80e0000
Apr 15 11:32:53 localhost.localdomain kernel: OF: reserved mem: 0x00000000d8600000..0x00000000e0ffffff (141312 KiB) nomap non-reusable ta@d8600000
Apr 15 11:32:53 localhost.localdomain kernel: OF: reserved mem: 0x00000000e1000000..0x00000000e369ffff (39552 KiB) nomap non-reusable tags@e1000000
Apr 15 11:32:53 localhost.localdomain kernel: OF: reserved mem: 0x00000000ff800000..0x00000000ffdfffff (6144 KiB) nomap non-reusable llcc-lpi@ff800000
Apr 15 11:32:53 localhost.localdomain kernel: OF: reserved mem: 0x00000000ffe00000..0x00000000ffffffff (2048 KiB) nomap non-reusable smem@ffe00000
Apr 15 11:32:53 localhost.localdomain kernel: NUMA: Faking a node at [mem 0x0000000080800000-0x0000008fffffffff]
Apr 15 11:32:53 localhost.localdomain kernel: NODE_DATA(0) allocated [mem 0x8ff7fdb180-0x8ff7fe0d3f]
Apr 15 11:32:53 localhost.localdomain kernel: psci: probing for conduit method from DT.
Apr 15 11:32:53 localhost.localdomain kernel: psci: PSCIv1.1 detected in firmware.
Apr 15 11:32:53 localhost.localdomain kernel: psci: Using standard PSCI v0.2 function IDs
Apr 15 11:32:53 localhost.localdomain kernel: psci: MIGRATE_INFO_TYPE not supported.
Apr 15 11:32:53 localhost.localdomain kernel: psci: SMC Calling Convention v1.3
Apr 15 11:32:53 localhost.localdomain kernel: psci: OSI mode supported.
Apr 15 11:32:53 localhost.localdomain kernel: Zone ranges:
Apr 15 11:32:53 localhost.localdomain kernel:   DMA      [mem 0x0000000080800000-0x00000000ffffffff]
Apr 15 11:32:53 localhost.localdomain kernel:   DMA32    empty
Apr 15 11:32:53 localhost.localdomain kernel:   Normal   [mem 0x0000000100000000-0x0000008fffffffff]
Apr 15 11:32:53 localhost.localdomain kernel:   Device   empty
Apr 15 11:32:53 localhost.localdomain kernel: Movable zone start for each node
Apr 15 11:32:53 localhost.localdomain kernel: Early memory node ranges
Apr 15 11:32:53 localhost.localdomain kernel:   node   0: [mem 0x0000000080800000-0x0000000080dfffff]
Apr 15 11:32:53 localhost.localdomain kernel:   node   0: [mem 0x00000000815a0000-0x00000000819fffff]
Apr 15 11:32:53 localhost.localdomain kernel:   node   0: [mem 0x0000000081a00000-0x0000000081a3ffff]
Apr 15 11:32:53 localhost.localdomain kernel:   node   0: [mem 0x0000000081d00000-0x0000000081dfffff]
Apr 15 11:32:53 localhost.localdomain kernel:   node   0: [mem 0x0000000081f00000-0x0000000081f37fff]
Apr 15 11:32:53 localhost.localdomain kernel:   node   0: [mem 0x0000000081f38000-0x00000000826fffff]
Apr 15 11:32:53 localhost.localdomain kernel:   node   0: [mem 0x0000000082800000-0x00000000833fffff]
Apr 15 11:32:53 localhost.localdomain kernel:   node   0: [mem 0x0000000083400000-0x0000000083efffff]
Apr 15 11:32:53 localhost.localdomain kernel:   node   0: [mem 0x0000000083f00000-0x0000000083ffffff]
Apr 15 11:32:53 localhost.localdomain kernel:   node   0: [mem 0x0000000084000000-0x0000000084afffff]
Apr 15 11:32:53 localhost.localdomain kernel:   node   0: [mem 0x0000000085380000-0x00000000866bffff]
Apr 15 11:32:53 localhost.localdomain kernel:   node   0: [mem 0x0000000091480000-0x00000000a7f00fff]
Apr 15 11:32:53 localhost.localdomain kernel:   node   0: [mem 0x00000000a7f01000-0x00000000a7f01fff]
Apr 15 11:32:53 localhost.localdomain kernel:   node   0: [mem 0x00000000a7f02000-0x00000000a7f04fff]
Apr 15 11:32:53 localhost.localdomain kernel:   node   0: [mem 0x00000000a7f05000-0x00000000a7f0cfff]
Apr 15 11:32:53 localhost.localdomain kernel:   node   0: [mem 0x00000000a7f0d000-0x00000000d51abfff]
Apr 15 11:32:53 localhost.localdomain kernel:   node   0: [mem 0x00000000d51ac000-0x00000000d575ffff]
Apr 15 11:32:53 localhost.localdomain kernel:   node   0: [mem 0x00000000d5760000-0x00000000d7ffffff]
Apr 15 11:32:53 localhost.localdomain kernel:   node   0: [mem 0x00000000de5b0000-0x00000000e369ffff]
Apr 15 11:32:53 localhost.localdomain kernel:   node   0: [mem 0x00000000e36a0000-0x00000000e47fffff]
Apr 15 11:32:53 localhost.localdomain kernel:   node   0: [mem 0x00000000e4800000-0x00000000e69bffff]
Apr 15 11:32:53 localhost.localdomain kernel:   node   0: [mem 0x00000000e69c0000-0x00000000f34fffff]
Apr 15 11:32:53 localhost.localdomain kernel:   node   0: [mem 0x0000000880000000-0x0000000fffffffff]
Apr 15 11:32:53 localhost.localdomain kernel:   node   0: [mem 0x0000008800000000-0x0000008fffffffff]
Apr 15 11:32:53 localhost.localdomain kernel: Initmem setup node 0 [mem 0x0000000080800000-0x0000008fffffffff]
Apr 15 11:32:53 localhost.localdomain kernel: On node 0, zone DMA: 2048 pages in unavailable ranges
Apr 15 11:32:53 localhost.localdomain kernel: On node 0, zone DMA: 1952 pages in unavailable ranges
Apr 15 11:32:53 localhost.localdomain kernel: On node 0, zone DMA: 704 pages in unavailable ranges
Apr 15 11:32:53 localhost.localdomain kernel: On node 0, zone DMA: 256 pages in unavailable ranges
Apr 15 11:32:53 localhost.localdomain kernel: On node 0, zone DMA: 256 pages in unavailable ranges
Apr 15 11:32:53 localhost.localdomain kernel: On node 0, zone DMA: 2176 pages in unavailable ranges
Apr 15 11:32:53 localhost.localdomain kernel: On node 0, zone DMA: 11712 pages in unavailable ranges
Apr 15 11:32:53 localhost.localdomain kernel: On node 0, zone DMA: 26032 pages in unavailable ranges
Apr 15 11:32:53 localhost.localdomain kernel: On node 0, zone Normal: 19200 pages in unavailable ranges
Apr 15 11:32:53 localhost.localdomain kernel: percpu: Embedded 57 pages/cpu s110104 r8192 d115176 u233472
Apr 15 11:32:53 localhost.localdomain kernel: pcpu-alloc: s110104 r8192 d115176 u233472 alloc=57*4096
Apr 15 11:32:53 localhost.localdomain kernel: pcpu-alloc: [0] 00 [0] 01 [0] 02 [0] 03 [0] 04 [0] 05 [0] 06 [0] 07 
Apr 15 11:32:53 localhost.localdomain kernel: pcpu-alloc: [0] 08 [0] 09 [0] 10 [0] 11 
Apr 15 11:32:53 localhost.localdomain kernel: Detected PIPT I-cache on CPU0
Apr 15 11:32:53 localhost.localdomain kernel: CPU features: detected: Address authentication (architected QARMA5 algorithm)
Apr 15 11:32:53 localhost.localdomain kernel: CPU features: detected: GICv3 CPU interface
Apr 15 11:32:53 localhost.localdomain kernel: CPU features: detected: HCRX_EL2 register
Apr 15 11:32:53 localhost.localdomain kernel: CPU features: detected: Spectre-v4
Apr 15 11:32:53 localhost.localdomain kernel: CPU features: detected: Spectre-BHB
Apr 15 11:32:53 localhost.localdomain kernel: CPU features: detected: Broken CNTVOFF_EL2
Apr 15 11:32:53 localhost.localdomain kernel: alternatives: applying boot alternatives
Apr 15 11:32:53 localhost.localdomain kernel: Kernel command line: BOOT_IMAGE=/vmlinuz-7.0.0-14-generic root=/dev/mapper/ubuntu--vg-ubuntu--lv toram rd.driver.blacklist=hci_uart modprobe.blacklist=hci_uart,bluetooth,btqca,pwrseq_qcom_wcn,autofs4 systemd.mask=pd-mapper cma=0 efi=noruntime clk_ignore_unused pd_ignore_unused cpuidle.off=1 rd.debug rd.break rd.shell rd.luks.debug=1 console=tty0 console=ttyHS4
Apr 15 11:32:53 localhost.localdomain kernel: Unknown kernel command line parameters "toram", will be passed to user space.
Apr 15 11:32:53 localhost.localdomain kernel: printk: log buffer data + meta data: 262144 + 1114112 = 1376256 bytes
Apr 15 11:32:53 localhost.localdomain kernel: Dentry cache hash table entries: 8388608 (order: 14, 67108864 bytes, linear)
Apr 15 11:32:53 localhost.localdomain kernel: Inode-cache hash table entries: 4194304 (order: 13, 33554432 bytes, linear)
Apr 15 11:32:53 localhost.localdomain kernel: software IO TLB: area num 16.
Apr 15 11:32:53 localhost.localdomain kernel: software IO TLB: mapped [mem 0x00000000ef500000-0x00000000f3500000] (64MB)
Apr 15 11:32:53 localhost.localdomain kernel: Fallback order for Node 0: 0 
Apr 15 11:32:53 localhost.localdomain kernel: Built 1 zonelists, mobility grouping on.  Total pages: 16647344
Apr 15 11:32:53 localhost.localdomain kernel: Policy zone: Normal
Apr 15 11:32:53 localhost.localdomain kernel: mem auto-init: stack:all(zero), heap alloc:on, heap free:off
Apr 15 11:32:53 localhost.localdomain kernel: SLUB: HWalign=64, Order=0-3, MinObjects=0, CPUs=12, Nodes=1
Apr 15 11:32:53 localhost.localdomain kernel: ftrace: allocating 70810 entries in 278 pages
Apr 15 11:32:53 localhost.localdomain kernel: ftrace: allocated 278 pages with 4 groups
Apr 15 11:32:53 localhost.localdomain kernel: Dynamic Preempt: lazy
Apr 15 11:32:53 localhost.localdomain kernel: rcu: Preemptible hierarchical RCU implementation.
Apr 15 11:32:53 localhost.localdomain kernel: rcu:         RCU restricting CPUs from NR_CPUS=512 to nr_cpu_ids=12.
Apr 15 11:32:53 localhost.localdomain kernel:         Trampoline variant of Tasks RCU enabled.
Apr 15 11:32:53 localhost.localdomain kernel:         Rude variant of Tasks RCU enabled.
Apr 15 11:32:53 localhost.localdomain kernel:         Tracing variant of Tasks RCU enabled.
Apr 15 11:32:53 localhost.localdomain kernel: rcu: RCU calculated value of scheduler-enlistment delay is 100 jiffies.
Apr 15 11:32:53 localhost.localdomain kernel: rcu: Adjusting geometry for rcu_fanout_leaf=16, nr_cpu_ids=12
Apr 15 11:32:53 localhost.localdomain kernel: RCU Tasks: Setting shift to 4 and lim to 1 rcu_task_cb_adjust=1 rcu_task_cpu_ids=12.
Apr 15 11:32:53 localhost.localdomain kernel: RCU Tasks Rude: Setting shift to 4 and lim to 1 rcu_task_cb_adjust=1 rcu_task_cpu_ids=12.
Apr 15 11:32:53 localhost.localdomain kernel: NR_IRQS: 64, nr_irqs: 64, preallocated irqs: 0
Apr 15 11:32:53 localhost.localdomain kernel: GICv3: 988 SPIs implemented
Apr 15 11:32:53 localhost.localdomain kernel: GICv3: 0 Extended SPIs implemented
Apr 15 11:32:53 localhost.localdomain kernel: Root IRQ handler: gic_handle_irq
Apr 15 11:32:53 localhost.localdomain kernel: GICv3: GICv3 features: 16 PPIs, DirectLPI
Apr 15 11:32:53 localhost.localdomain kernel: GICv3: GICD_CTLR.DS=1, SCR_EL3.FIQ=0
Apr 15 11:32:53 localhost.localdomain kernel: GICv3: Enabling SGIs without active state
Apr 15 11:32:53 localhost.localdomain kernel: GICv3: CPU0: found redistributor 0 region 0:0x0000000017080000
Apr 15 11:32:53 localhost.localdomain kernel: ITS [mem 0x17040000-0x1707ffff]
Apr 15 11:32:53 localhost.localdomain kernel: ITS@0x0000000017040000: Devices Table too large, reduce ids 32->22
Apr 15 11:32:53 localhost.localdomain kernel: ITS@0x0000000017040000: Devices too large, reduce ITS pages 8192->256
Apr 15 11:32:53 localhost.localdomain kernel: ITS@0x0000000017040000: allocated 131072 Devices @880500000 (indirect, esz 8, psz 4K, shr 1)
Apr 15 11:32:53 localhost.localdomain kernel: ITS@0x0000000017040000: allocated 4096 Interrupt Collections @88041d000 (flat, esz 1, psz 4K, shr 1)
Apr 15 11:32:53 localhost.localdomain kernel: GICv3: using LPI property table @0x0000000880440000
Apr 15 11:32:53 localhost.localdomain kernel: GICv3: CPU0: using allocated LPI pending table @0x0000000880450000
Apr 15 11:32:53 localhost.localdomain kernel: rcu: srcu_init: Setting srcu_struct sizes based on contention.
Apr 15 11:32:53 localhost.localdomain kernel: arch_timer: cp15 timer running at 19.20MHz (virt).
Apr 15 11:32:53 localhost.localdomain kernel: clocksource: arch_sys_counter: mask: 0xffffffffffffff max_cycles: 0x46d987e47, max_idle_ns: 440795202767 ns
Apr 15 11:32:53 localhost.localdomain kernel: sched_clock: 56 bits at 19MHz, resolution 52ns, wraps every 4398046511078ns
Apr 15 11:32:53 localhost.localdomain kernel: arm-pv: using stolen time PV
Apr 15 11:32:53 localhost.localdomain kernel: Console: colour dummy device 80x25
Apr 15 11:32:53 localhost.localdomain kernel: printk: legacy console [tty0] enabled
Apr 15 11:32:53 localhost.localdomain kernel: Calibrating delay loop (skipped), value calculated using timer frequency.. 38.40 BogoMIPS (lpj=19200)
Apr 15 11:32:53 localhost.localdomain kernel: pid_max: default: 32768 minimum: 301
Apr 15 11:32:53 localhost.localdomain kernel: landlock: Up and running.
Apr 15 11:32:53 localhost.localdomain kernel: Yama: becoming mindful.
Apr 15 11:32:53 localhost.localdomain kernel: AppArmor: AppArmor initialized
Apr 15 11:32:53 localhost.localdomain kernel: AppArmor: AppArmor secmark mediation reserved: ready to be enabled
Apr 15 11:32:53 localhost.localdomain kernel: Mount-cache hash table entries: 131072 (order: 8, 1048576 bytes, linear)
Apr 15 11:32:53 localhost.localdomain kernel: Mountpoint-cache hash table entries: 131072 (order: 8, 1048576 bytes, linear)
Apr 15 11:32:53 localhost.localdomain kernel: VFS: Finished mounting rootfs on nullfs
Apr 15 11:32:53 localhost.localdomain kernel: rcu: Hierarchical SRCU implementation.
Apr 15 11:32:53 localhost.localdomain kernel: rcu:         Max phase no-delay instances is 400.
Apr 15 11:32:53 localhost.localdomain kernel: Timer migration: 2 hierarchy levels; 8 children per group; 2 crossnode level
Apr 15 11:32:53 localhost.localdomain kernel: fsl-mc MSI: msi-controller@17040000 domain created
Apr 15 11:32:53 localhost.localdomain kernel: EFI runtime services will be disabled.
Apr 15 11:32:53 localhost.localdomain kernel: smp: Bringing up secondary CPUs ...
Apr 15 11:32:53 localhost.localdomain kernel: Detected PIPT I-cache on CPU1
Apr 15 11:32:53 localhost.localdomain kernel: GICv3: CPU1: found redistributor 100 region 0:0x00000000170c0000
Apr 15 11:32:53 localhost.localdomain kernel: GICv3: CPU1: using allocated LPI pending table @0x0000000880460000
Apr 15 11:32:53 localhost.localdomain kernel: CPU1: Booted secondary processor 0x0000000100 [0x512f0011]
Apr 15 11:32:53 localhost.localdomain kernel: Detected PIPT I-cache on CPU2
Apr 15 11:32:53 localhost.localdomain kernel: GICv3: CPU2: found redistributor 200 region 0:0x0000000017100000
Apr 15 11:32:53 localhost.localdomain kernel: GICv3: CPU2: using allocated LPI pending table @0x0000000880470000
Apr 15 11:32:53 localhost.localdomain kernel: CPU2: Booted secondary processor 0x0000000200 [0x512f0011]
Apr 15 11:32:53 localhost.localdomain kernel: Detected PIPT I-cache on CPU3
Apr 15 11:32:53 localhost.localdomain kernel: GICv3: CPU3: found redistributor 300 region 0:0x0000000017140000
Apr 15 11:32:53 localhost.localdomain kernel: GICv3: CPU3: using allocated LPI pending table @0x0000000880480000
Apr 15 11:32:53 localhost.localdomain kernel: CPU3: Booted secondary processor 0x0000000300 [0x512f0011]
Apr 15 11:32:53 localhost.localdomain kernel: Detected PIPT I-cache on CPU4
Apr 15 11:32:53 localhost.localdomain kernel: GICv3: CPU4: found redistributor 10000 region 0:0x0000000017180000
Apr 15 11:32:53 localhost.localdomain kernel: GICv3: CPU4: using allocated LPI pending table @0x0000000880490000
Apr 15 11:32:53 localhost.localdomain kernel: CPU4: Booted secondary processor 0x0000010000 [0x511f0011]
Apr 15 11:32:53 localhost.localdomain kernel: Detected PIPT I-cache on CPU5
Apr 15 11:32:53 localhost.localdomain kernel: GICv3: CPU5: found redistributor 10100 region 0:0x00000000171c0000
Apr 15 11:32:53 localhost.localdomain kernel: GICv3: CPU5: using allocated LPI pending table @0x00000008804a0000
Apr 15 11:32:53 localhost.localdomain kernel: CPU5: Booted secondary processor 0x0000010100 [0x511f0011]
Apr 15 11:32:53 localhost.localdomain kernel: Detected PIPT I-cache on CPU6
Apr 15 11:32:53 localhost.localdomain kernel: GICv3: CPU6: found redistributor 10200 region 0:0x0000000017200000
Apr 15 11:32:53 localhost.localdomain kernel: GICv3: CPU6: using allocated LPI pending table @0x00000008804b0000
Apr 15 11:32:53 localhost.localdomain kernel: CPU6: Booted secondary processor 0x0000010200 [0x511f0011]
Apr 15 11:32:53 localhost.localdomain kernel: Detected PIPT I-cache on CPU7
Apr 15 11:32:53 localhost.localdomain kernel: GICv3: CPU7: found redistributor 10300 region 0:0x0000000017240000
Apr 15 11:32:53 localhost.localdomain kernel: GICv3: CPU7: using allocated LPI pending table @0x00000008804c0000
Apr 15 11:32:53 localhost.localdomain kernel: CPU7: Booted secondary processor 0x0000010300 [0x511f0011]
Apr 15 11:32:53 localhost.localdomain kernel: Detected PIPT I-cache on CPU8
Apr 15 11:32:53 localhost.localdomain kernel: GICv3: CPU8: found redistributor 20000 region 0:0x0000000017280000
Apr 15 11:32:53 localhost.localdomain kernel: GICv3: CPU8: using allocated LPI pending table @0x00000008804d0000
Apr 15 11:32:53 localhost.localdomain kernel: CPU8: Booted secondary processor 0x0000020000 [0x511f0011]
Apr 15 11:32:53 localhost.localdomain kernel: Detected PIPT I-cache on CPU9
Apr 15 11:32:53 localhost.localdomain kernel: GICv3: CPU9: found redistributor 20100 region 0:0x00000000172c0000
Apr 15 11:32:53 localhost.localdomain kernel: GICv3: CPU9: using allocated LPI pending table @0x00000008804e0000
Apr 15 11:32:53 localhost.localdomain kernel: CPU9: Booted secondary processor 0x0000020100 [0x511f0011]
Apr 15 11:32:53 localhost.localdomain kernel: Detected PIPT I-cache on CPU10
Apr 15 11:32:53 localhost.localdomain kernel: GICv3: CPU10: found redistributor 20200 region 0:0x0000000017300000
Apr 15 11:32:53 localhost.localdomain kernel: GICv3: CPU10: using allocated LPI pending table @0x00000008804f0000
Apr 15 11:32:53 localhost.localdomain kernel: CPU10: Booted secondary processor 0x0000020200 [0x511f0011]
Apr 15 11:32:53 localhost.localdomain kernel: Detected PIPT I-cache on CPU11
Apr 15 11:32:53 localhost.localdomain kernel: GICv3: CPU11: found redistributor 20300 region 0:0x0000000017340000
Apr 15 11:32:53 localhost.localdomain kernel: GICv3: CPU11: using allocated LPI pending table @0x0000000880600000
Apr 15 11:32:53 localhost.localdomain kernel: CPU11: Booted secondary processor 0x0000020300 [0x511f0011]
Apr 15 11:32:53 localhost.localdomain kernel: smp: Brought up 1 node, 12 CPUs
Apr 15 11:32:53 localhost.localdomain kernel: SMP: Total of 12 processors activated.
Apr 15 11:32:53 localhost.localdomain kernel: CPU: All CPU(s) started at EL1
Apr 15 11:32:53 localhost.localdomain kernel: CPU features: detected: Branch Target Identification
Apr 15 11:32:53 localhost.localdomain kernel: CPU features: detected: ARMv8.4 Translation Table Level
Apr 15 11:32:53 localhost.localdomain kernel: CPU features: detected: Instruction cache invalidation not required for I/D coherence
Apr 15 11:32:53 localhost.localdomain kernel: CPU features: detected: Data cache clean to the PoU not required for I/D coherence
Apr 15 11:32:53 localhost.localdomain kernel: CPU features: detected: Common not Private translations
Apr 15 11:32:53 localhost.localdomain kernel: CPU features: detected: CRC32 instructions
Apr 15 11:32:53 localhost.localdomain kernel: CPU features: detected: Data cache clean to Point of Deep Persistence
Apr 15 11:32:53 localhost.localdomain kernel: CPU features: detected: Data cache clean to Point of Persistence
Apr 15 11:32:53 localhost.localdomain kernel: CPU features: detected: Data independent timing control (DIT)
Apr 15 11:32:53 localhost.localdomain kernel: CPU features: detected: E0PD
Apr 15 11:32:53 localhost.localdomain kernel: CPU features: detected: Enhanced Counter Virtualization
Apr 15 11:32:53 localhost.localdomain kernel: CPU features: detected: Enhanced Counter Virtualization (CNTPOFF)
Apr 15 11:32:53 localhost.localdomain kernel: CPU features: detected: Enhanced Privileged Access Never
Apr 15 11:32:53 localhost.localdomain kernel: CPU features: detected: Enhanced Virtualization Traps
Apr 15 11:32:53 localhost.localdomain kernel: CPU features: detected: Fine Grained Traps
Apr 15 11:32:53 localhost.localdomain kernel: CPU features: detected: Generic authentication (architected QARMA5 algorithm)
Apr 15 11:32:53 localhost.localdomain kernel: CPU features: detected: RCpc load-acquire (LDAPR)
Apr 15 11:32:53 localhost.localdomain kernel: CPU features: detected: LSE atomic instructions
Apr 15 11:32:53 localhost.localdomain kernel: CPU features: detected: Privileged Access Never
Apr 15 11:32:53 localhost.localdomain kernel: CPU features: detected: PMUv3
Apr 15 11:32:53 localhost.localdomain kernel: CPU features: detected: RAS Extension Support
Apr 15 11:32:53 localhost.localdomain kernel: CPU features: detected: RASv1p1 Extension Support
Apr 15 11:32:53 localhost.localdomain kernel: CPU features: detected: Random Number Generator
Apr 15 11:32:53 localhost.localdomain kernel: CPU features: detected: Speculation barrier (SB)
Apr 15 11:32:53 localhost.localdomain kernel: CPU features: detected: Stage-2 Force Write-Back
Apr 15 11:32:53 localhost.localdomain kernel: CPU features: detected: TLB range maintenance instructions
Apr 15 11:32:53 localhost.localdomain kernel: CPU features: detected: XNX
Apr 15 11:32:53 localhost.localdomain kernel: CPU features: detected: Speculative Store Bypassing Safe (SSBS)
Apr 15 11:32:53 localhost.localdomain kernel: alternatives: applying system-wide alternatives
Apr 15 11:32:53 localhost.localdomain kernel: CPU features: detected: Activity Monitors Unit (AMU) on CPU0-11
Apr 15 11:32:53 localhost.localdomain kernel: Memory: 59868196K/66589376K available (27776K kernel code, 6286K rwdata, 20092K rodata, 15168K init, 1301K bss, 6700896K reserved, 0K cma-reserved)
Apr 15 11:32:53 localhost.localdomain kernel: devtmpfs: initialized
Apr 15 11:32:53 localhost.localdomain kernel: setend instruction emulation is not supported on this system
Apr 15 11:32:53 localhost.localdomain kernel: clocksource: jiffies: mask: 0xffffffff max_cycles: 0xffffffff, max_idle_ns: 1911260446275000 ns
Apr 15 11:32:53 localhost.localdomain kernel: posixtimers hash table entries: 8192 (order: 5, 131072 bytes, linear)
Apr 15 11:32:53 localhost.localdomain kernel: futex hash table entries: 4096 (262144 bytes on 1 NUMA nodes, total 256 KiB, linear).
Apr 15 11:32:53 localhost.localdomain kernel: 2G module region forced by RANDOMIZE_MODULE_REGION_FULL
Apr 15 11:32:53 localhost.localdomain kernel: 0 pages in range for non-PLT usage
Apr 15 11:32:53 localhost.localdomain kernel: 506576 pages in range for PLT usage
Apr 15 11:32:53 localhost.localdomain kernel: SMBIOS 3.3.0 present.
Apr 15 11:32:53 localhost.localdomain kernel: DMI: Microsoft Corporation Microsoft Surface Laptop, 7th Edition/Microsoft Surface Laptop, 7th Edition, BIOS 175.138.235 08/19/2025
Apr 15 11:32:53 localhost.localdomain kernel: DMI: Memory slots populated: 1/1
Apr 15 11:32:53 localhost.localdomain kernel: NET: Registered PF_NETLINK/PF_ROUTE protocol family
Apr 15 11:32:53 localhost.localdomain kernel: DMA: preallocated 8192 KiB GFP_KERNEL pool for atomic allocations
Apr 15 11:32:53 localhost.localdomain kernel: DMA: preallocated 8192 KiB GFP_KERNEL|GFP_DMA pool for atomic allocations
Apr 15 11:32:53 localhost.localdomain kernel: audit: initializing netlink subsys (disabled)
Apr 15 11:32:53 localhost.localdomain kernel: audit: type=2000 audit(0.026:1): state=initialized audit_enabled=0 res=1
Apr 15 11:32:53 localhost.localdomain kernel: thermal_sys: Registered thermal governor 'fair_share'
Apr 15 11:32:53 localhost.localdomain kernel: thermal_sys: Registered thermal governor 'bang_bang'
Apr 15 11:32:53 localhost.localdomain kernel: thermal_sys: Registered thermal governor 'step_wise'
Apr 15 11:32:53 localhost.localdomain kernel: thermal_sys: Registered thermal governor 'user_space'
Apr 15 11:32:53 localhost.localdomain kernel: thermal_sys: Registered thermal governor 'power_allocator'
Apr 15 11:32:53 localhost.localdomain kernel: hw-breakpoint: found 6 breakpoint and 4 watchpoint registers.
Apr 15 11:32:53 localhost.localdomain kernel: ASID allocator initialised with 65536 entries
Apr 15 11:32:53 localhost.localdomain kernel: Serial: AMBA PL011 UART driver
Apr 15 11:32:53 localhost.localdomain kernel: CPUidle PSCI: Initialized CPU PM domain topology using OSI mode
Apr 15 11:32:53 localhost.localdomain kernel: /soc@0/clock-controller@100000: Fixed dependency cycle(s) with /soc@0/phy@1bfc000
Apr 15 11:32:53 localhost.localdomain kernel: /soc@0/clock-controller@100000: Fixed dependency cycle(s) with /soc@0/phy@1c0e000
Apr 15 11:32:53 localhost.localdomain kernel: /soc@0/clock-controller@100000: Fixed dependency cycle(s) with /soc@0/phy@1be0000
Apr 15 11:32:53 localhost.localdomain kernel: /soc@0/geniqup@bc0000/i2c@b8c000/typec-mux@8: Fixed dependency cycle(s) with /soc@0/phy@fd5000
Apr 15 11:32:53 localhost.localdomain kernel: /soc@0/geniqup@bc0000/i2c@b9c000/typec-mux@8: Fixed dependency cycle(s) with /soc@0/phy@fda000
Apr 15 11:32:53 localhost.localdomain kernel: /soc@0/phy@fd5000: Fixed dependency cycle(s) with /soc@0/display-subsystem@ae00000/displayport-controller@ae90000
Apr 15 11:32:53 localhost.localdomain kernel: /soc@0/phy@fd5000: Fixed dependency cycle(s) with /soc@0/usb@a6f8800/usb@a600000
Apr 15 11:32:53 localhost.localdomain kernel: /soc@0/phy@fd5000: Fixed dependency cycle(s) with /soc@0/geniqup@bc0000/i2c@b8c000/typec-mux@8
Apr 15 11:32:53 localhost.localdomain kernel: /soc@0/phy@fda000: Fixed dependency cycle(s) with /soc@0/display-subsystem@ae00000/displayport-controller@ae98000
Apr 15 11:32:53 localhost.localdomain kernel: /soc@0/phy@fda000: Fixed dependency cycle(s) with /soc@0/usb@a8f8800/usb@a800000
Apr 15 11:32:53 localhost.localdomain kernel: /soc@0/phy@fda000: Fixed dependency cycle(s) with /soc@0/geniqup@bc0000/i2c@b9c000/typec-mux@8
Apr 15 11:32:53 localhost.localdomain kernel: /soc@0/phy@1be0000: Fixed dependency cycle(s) with /soc@0/clock-controller@100000
Apr 15 11:32:53 localhost.localdomain kernel: /soc@0/phy@1bfc000: Fixed dependency cycle(s) with /soc@0/clock-controller@100000
Apr 15 11:32:53 localhost.localdomain kernel: /soc@0/phy@1c0e000: Fixed dependency cycle(s) with /soc@0/clock-controller@100000
Apr 15 11:32:53 localhost.localdomain kernel: /soc@0/usb@a6f8800/usb@a600000: Fixed dependency cycle(s) with /soc@0/phy@fd5000
Apr 15 11:32:53 localhost.localdomain kernel: /soc@0/usb@a8f8800/usb@a800000: Fixed dependency cycle(s) with /soc@0/phy@fda000
Apr 15 11:32:53 localhost.localdomain kernel: /soc@0/display-subsystem@ae00000/display-controller@ae01000: Fixed dependency cycle(s) with /soc@0/display-subsystem@ae00000/displayport-controller@aea0000
Apr 15 11:32:53 localhost.localdomain kernel: /soc@0/display-subsystem@ae00000/display-controller@ae01000: Fixed dependency cycle(s) with /soc@0/display-subsystem@ae00000/displayport-controller@ae98000
Apr 15 11:32:53 localhost.localdomain kernel: /soc@0/display-subsystem@ae00000/display-controller@ae01000: Fixed dependency cycle(s) with /soc@0/display-subsystem@ae00000/displayport-controller@ae90000
Apr 15 11:32:53 localhost.localdomain kernel: /soc@0/display-subsystem@ae00000/displayport-controller@ae90000: Fixed dependency cycle(s) with /soc@0/display-subsystem@ae00000/display-controller@ae01000
Apr 15 11:32:53 localhost.localdomain kernel: /soc@0/display-subsystem@ae00000/displayport-controller@ae90000: Fixed dependency cycle(s) with /soc@0/phy@fd5000
Apr 15 11:32:53 localhost.localdomain kernel: /soc@0/display-subsystem@ae00000/displayport-controller@ae98000: Fixed dependency cycle(s) with /soc@0/display-subsystem@ae00000/display-controller@ae01000
Apr 15 11:32:53 localhost.localdomain kernel: /soc@0/display-subsystem@ae00000/displayport-controller@ae98000: Fixed dependency cycle(s) with /soc@0/phy@fda000
Apr 15 11:32:53 localhost.localdomain kernel: /soc@0/display-subsystem@ae00000/displayport-controller@aea0000: Fixed dependency cycle(s) with /soc@0/display-subsystem@ae00000/displayport-controller@aea0000/aux-bus/panel
Apr 15 11:32:53 localhost.localdomain kernel: /soc@0/display-subsystem@ae00000/displayport-controller@aea0000: Fixed dependency cycle(s) with /soc@0/display-subsystem@ae00000/display-controller@ae01000
Apr 15 11:32:53 localhost.localdomain kernel: /soc@0/display-subsystem@ae00000/displayport-controller@aea0000/aux-bus/panel: Fixed dependency cycle(s) with /soc@0/display-subsystem@ae00000/displayport-controller@aea0000
Apr 15 11:32:53 localhost.localdomain kernel: /soc@0/stm@10002000: Fixed dependency cycle(s) with /soc@0/funnel@10041000
Apr 15 11:32:53 localhost.localdomain kernel: /soc@0/tpda@10004000: Fixed dependency cycle(s) with /soc@0/funnel@10041000
Apr 15 11:32:53 localhost.localdomain kernel: /soc@0/tpda@10004000: Fixed dependency cycle(s) with /soc@0/tpdm@1000f000
Apr 15 11:32:53 localhost.localdomain kernel: /soc@0/tpdm@1000f000: Fixed dependency cycle(s) with /soc@0/tpda@10004000
Apr 15 11:32:53 localhost.localdomain kernel: /soc@0/funnel@10041000: Fixed dependency cycle(s) with /soc@0/funnel@10045000
Apr 15 11:32:53 localhost.localdomain kernel: /soc@0/funnel@10041000: Fixed dependency cycle(s) with /soc@0/stm@10002000
Apr 15 11:32:53 localhost.localdomain kernel: /soc@0/funnel@10041000: Fixed dependency cycle(s) with /soc@0/tpda@10004000
Apr 15 11:32:53 localhost.localdomain kernel: /soc@0/funnel@10042000: Fixed dependency cycle(s) with /soc@0/funnel@10045000
Apr 15 11:32:53 localhost.localdomain kernel: /soc@0/funnel@10042000: Fixed dependency cycle(s) with /soc@0/funnel@10c2c000
Apr 15 11:32:53 localhost.localdomain kernel: /soc@0/funnel@10042000: Fixed dependency cycle(s) with /soc@0/funnel@10ac5000
Apr 15 11:32:53 localhost.localdomain kernel: /soc@0/funnel@10042000: Fixed dependency cycle(s) with /soc@0/funnel@10cc5000
Apr 15 11:32:53 localhost.localdomain kernel: /soc@0/funnel@10045000: Fixed dependency cycle(s) with /soc@0/funnel@10b04000
Apr 15 11:32:53 localhost.localdomain kernel: /soc@0/funnel@10045000: Fixed dependency cycle(s) with /soc@0/funnel@10042000
Apr 15 11:32:53 localhost.localdomain kernel: /soc@0/funnel@10045000: Fixed dependency cycle(s) with /soc@0/funnel@10041000
Apr 15 11:32:53 localhost.localdomain kernel: /soc@0/tpdm@10800000: Fixed dependency cycle(s) with /soc@0/tpda@10c3c000
Apr 15 11:32:53 localhost.localdomain kernel: /soc@0/tpdm@1082c000: Fixed dependency cycle(s) with /soc@0/tpda@10c2b000
Apr 15 11:32:53 localhost.localdomain kernel: /soc@0/tpdm@10841000: Fixed dependency cycle(s) with /soc@0/tpda@10c2b000
Apr 15 11:32:53 localhost.localdomain kernel: /soc@0/tpdm@10844000: Fixed dependency cycle(s) with /soc@0/funnel@10846000
Apr 15 11:32:53 localhost.localdomain kernel: /soc@0/funnel@10846000: Fixed dependency cycle(s) with /soc@0/tpda@10c2b000
Apr 15 11:32:53 localhost.localdomain kernel: /soc@0/funnel@10846000: Fixed dependency cycle(s) with /soc@0/tpdm@10844000
Apr 15 11:32:53 localhost.localdomain kernel: /soc@0/tpdm@10ac1000: Fixed dependency cycle(s) with /soc@0/tpda@10ac4000
Apr 15 11:32:53 localhost.localdomain kernel: /soc@0/tpda@10ac4000: Fixed dependency cycle(s) with /soc@0/funnel@10ac5000
Apr 15 11:32:53 localhost.localdomain kernel: /soc@0/tpda@10ac4000: Fixed dependency cycle(s) with /soc@0/tpdm@10ac1000
Apr 15 11:32:53 localhost.localdomain kernel: /soc@0/funnel@10ac5000: Fixed dependency cycle(s) with /soc@0/funnel@10042000
Apr 15 11:32:53 localhost.localdomain kernel: /soc@0/funnel@10ac5000: Fixed dependency cycle(s) with /soc@0/tpda@10ac4000
Apr 15 11:32:53 localhost.localdomain kernel: /soc@0/funnel@10b04000: Fixed dependency cycle(s) with /soc@0/tmc@10b05000
Apr 15 11:32:53 localhost.localdomain kernel: /soc@0/funnel@10b04000: Fixed dependency cycle(s) with /soc@0/funnel@10045000
Apr 15 11:32:53 localhost.localdomain kernel: /soc@0/funnel@10b04000: Fixed dependency cycle(s) with /soc@0/tpda@10b08000
Apr 15 11:32:53 localhost.localdomain kernel: /soc@0/tmc@10b05000: Fixed dependency cycle(s) with /soc@0/replicator@10b06000
Apr 15 11:32:53 localhost.localdomain kernel: /soc@0/tmc@10b05000: Fixed dependency cycle(s) with /soc@0/funnel@10b04000
Apr 15 11:32:53 localhost.localdomain kernel: /soc@0/replicator@10b06000: Fixed dependency cycle(s) with /dummy-sink
Apr 15 11:32:53 localhost.localdomain kernel: /soc@0/replicator@10b06000: Fixed dependency cycle(s) with /soc@0/tmc@10b05000
Apr 15 11:32:53 localhost.localdomain kernel: /soc@0/tpda@10b08000: Fixed dependency cycle(s) with /soc@0/funnel@10b04000
Apr 15 11:32:53 localhost.localdomain kernel: /soc@0/tpda@10b08000: Fixed dependency cycle(s) with /soc@0/tpdm@10b0d000
Apr 15 11:32:53 localhost.localdomain kernel: /soc@0/tpda@10b08000: Fixed dependency cycle(s) with /soc@0/tpdm@10b0c000
Apr 15 11:32:53 localhost.localdomain kernel: /soc@0/tpda@10b08000: Fixed dependency cycle(s) with /soc@0/tpdm@10b0b000
Apr 15 11:32:53 localhost.localdomain kernel: /soc@0/tpda@10b08000: Fixed dependency cycle(s) with /soc@0/tpdm@10b0a000
Apr 15 11:32:53 localhost.localdomain kernel: /soc@0/tpda@10b08000: Fixed dependency cycle(s) with /soc@0/tpdm@10b09000
Apr 15 11:32:53 localhost.localdomain kernel: /soc@0/tpdm@10b09000: Fixed dependency cycle(s) with /soc@0/tpda@10b08000
Apr 15 11:32:53 localhost.localdomain kernel: /soc@0/tpdm@10b0a000: Fixed dependency cycle(s) with /soc@0/tpda@10b08000
Apr 15 11:32:53 localhost.localdomain kernel: /soc@0/tpdm@10b0b000: Fixed dependency cycle(s) with /soc@0/tpda@10b08000
Apr 15 11:32:53 localhost.localdomain kernel: /soc@0/tpdm@10b0c000: Fixed dependency cycle(s) with /soc@0/tpda@10b08000
Apr 15 11:32:53 localhost.localdomain kernel: /soc@0/tpdm@10b0d000: Fixed dependency cycle(s) with /soc@0/tpda@10b08000
Apr 15 11:32:53 localhost.localdomain kernel: /soc@0/tpdm@10c08000: Fixed dependency cycle(s) with /soc@0/funnel@10c0b000
Apr 15 11:32:53 localhost.localdomain kernel: /soc@0/funnel@10c0b000: Fixed dependency cycle(s) with /soc@0/tpda@10c3c000
Apr 15 11:32:53 localhost.localdomain kernel: /soc@0/funnel@10c0b000: Fixed dependency cycle(s) with /soc@0/tpdm@10c08000
Apr 15 11:32:53 localhost.localdomain kernel: /soc@0/tpdm@10c28000: Fixed dependency cycle(s) with /soc@0/tpda@10c2b000
Apr 15 11:32:53 localhost.localdomain kernel: /soc@0/tpdm@10c29000: Fixed dependency cycle(s) with /soc@0/tpda@10c2b000
Apr 15 11:32:53 localhost.localdomain kernel: /soc@0/tpda@10c2b000: Fixed dependency cycle(s) with /soc@0/funnel@10c2c000
Apr 15 11:32:53 localhost.localdomain kernel: /soc@0/tpda@10c2b000: Fixed dependency cycle(s) with /soc@0/tpdm@10c29000
Apr 15 11:32:53 localhost.localdomain kernel: /soc@0/tpda@10c2b000: Fixed dependency cycle(s) with /soc@0/tpdm@10c28000
Apr 15 11:32:53 localhost.localdomain kernel: /soc@0/tpda@10c2b000: Fixed dependency cycle(s) with /soc@0/tpdm@1082c000
Apr 15 11:32:53 localhost.localdomain kernel: /soc@0/tpda@10c2b000: Fixed dependency cycle(s) with /soc@0/tpdm@10841000
Apr 15 11:32:53 localhost.localdomain kernel: /soc@0/tpda@10c2b000: Fixed dependency cycle(s) with /soc@0/funnel@10846000
Apr 15 11:32:53 localhost.localdomain kernel: /soc@0/funnel@10c2c000: Fixed dependency cycle(s) with /soc@0/funnel@10042000
Apr 15 11:32:53 localhost.localdomain kernel: /soc@0/funnel@10c2c000: Fixed dependency cycle(s) with /soc@0/funnel@10d04000
Apr 15 11:32:53 localhost.localdomain kernel: /soc@0/funnel@10c2c000: Fixed dependency cycle(s) with /soc@0/funnel@10c3d000
Apr 15 11:32:53 localhost.localdomain kernel: /soc@0/funnel@10c2c000: Fixed dependency cycle(s) with /soc@0/tpda@10c2b000
Apr 15 11:32:53 localhost.localdomain kernel: /soc@0/tpdm@10c38000: Fixed dependency cycle(s) with /soc@0/tpda@10c3c000
Apr 15 11:32:53 localhost.localdomain kernel: /soc@0/tpdm@10c39000: Fixed dependency cycle(s) with /soc@0/tpda@10c3c000
Apr 15 11:32:53 localhost.localdomain kernel: /soc@0/tpda@10c3c000: Fixed dependency cycle(s) with /soc@0/funnel@10c3d000
Apr 15 11:32:53 localhost.localdomain kernel: /soc@0/tpda@10c3c000: Fixed dependency cycle(s) with /soc@0/tpdm@10c39000
Apr 15 11:32:53 localhost.localdomain kernel: /soc@0/tpda@10c3c000: Fixed dependency cycle(s) with /soc@0/tpdm@10c38000
Apr 15 11:32:53 localhost.localdomain kernel: /soc@0/tpda@10c3c000: Fixed dependency cycle(s) with /soc@0/tpdm@10800000
Apr 15 11:32:53 localhost.localdomain kernel: /soc@0/tpda@10c3c000: Fixed dependency cycle(s) with /soc@0/funnel@10c0b000
Apr 15 11:32:53 localhost.localdomain kernel: /soc@0/funnel@10c3d000: Fixed dependency cycle(s) with /soc@0/funnel@10c2c000
Apr 15 11:32:53 localhost.localdomain kernel: /soc@0/funnel@10c3d000: Fixed dependency cycle(s) with /soc@0/tpda@10c3c000
Apr 15 11:32:53 localhost.localdomain kernel: /soc@0/tpda@10cc4000: Fixed dependency cycle(s) with /soc@0/funnel@10cc5000
Apr 15 11:32:53 localhost.localdomain kernel: /soc@0/funnel@10cc5000: Fixed dependency cycle(s) with /soc@0/funnel@10042000
Apr 15 11:32:53 localhost.localdomain kernel: /soc@0/funnel@10cc5000: Fixed dependency cycle(s) with /soc@0/tpda@10cc4000
Apr 15 11:32:53 localhost.localdomain kernel: /soc@0/funnel@10d04000: Fixed dependency cycle(s) with /soc@0/funnel@10c2c000
Apr 15 11:32:53 localhost.localdomain kernel: /soc@0/funnel@10d04000: Fixed dependency cycle(s) with /soc@0/funnel@10d13000
Apr 15 11:32:53 localhost.localdomain kernel: /soc@0/tpdm@10d08000: Fixed dependency cycle(s) with /soc@0/tpda@10d12000
Apr 15 11:32:53 localhost.localdomain kernel: /soc@0/tpdm@10d09000: Fixed dependency cycle(s) with /soc@0/tpda@10d12000
Apr 15 11:32:53 localhost.localdomain kernel: /soc@0/tpdm@10d0a000: Fixed dependency cycle(s) with /soc@0/tpda@10d12000
Apr 15 11:32:53 localhost.localdomain kernel: /soc@0/tpdm@10d0b000: Fixed dependency cycle(s) with /soc@0/tpda@10d12000
Apr 15 11:32:53 localhost.localdomain kernel: /soc@0/tpdm@10d0c000: Fixed dependency cycle(s) with /soc@0/tpda@10d12000
Apr 15 11:32:53 localhost.localdomain kernel: /soc@0/tpdm@10d0d000: Fixed dependency cycle(s) with /soc@0/tpda@10d12000
Apr 15 11:32:53 localhost.localdomain kernel: /soc@0/tpdm@10d0e000: Fixed dependency cycle(s) with /soc@0/tpda@10d12000
Apr 15 11:32:53 localhost.localdomain kernel: /soc@0/tpdm@10d0f000: Fixed dependency cycle(s) with /soc@0/tpda@10d12000
Apr 15 11:32:53 localhost.localdomain kernel: /soc@0/tpda@10d12000: Fixed dependency cycle(s) with /soc@0/funnel@10d13000
Apr 15 11:32:53 localhost.localdomain kernel: /soc@0/tpda@10d12000: Fixed dependency cycle(s) with /soc@0/tpdm@10d0f000
Apr 15 11:32:53 localhost.localdomain kernel: /soc@0/tpda@10d12000: Fixed dependency cycle(s) with /soc@0/tpdm@10d0e000
Apr 15 11:32:53 localhost.localdomain kernel: /soc@0/tpda@10d12000: Fixed dependency cycle(s) with /soc@0/tpdm@10d0d000
Apr 15 11:32:53 localhost.localdomain kernel: /soc@0/tpda@10d12000: Fixed dependency cycle(s) with /soc@0/tpdm@10d0c000
Apr 15 11:32:53 localhost.localdomain kernel: /soc@0/tpda@10d12000: Fixed dependency cycle(s) with /soc@0/tpdm@10d0b000
Apr 15 11:32:53 localhost.localdomain kernel: /soc@0/tpda@10d12000: Fixed dependency cycle(s) with /soc@0/tpdm@10d0a000
Apr 15 11:32:53 localhost.localdomain kernel: /soc@0/tpda@10d12000: Fixed dependency cycle(s) with /soc@0/tpdm@10d09000
Apr 15 11:32:53 localhost.localdomain kernel: /soc@0/tpda@10d12000: Fixed dependency cycle(s) with /soc@0/tpdm@10d08000
Apr 15 11:32:53 localhost.localdomain kernel: /soc@0/funnel@10d13000: Fixed dependency cycle(s) with /soc@0/funnel@10d04000
Apr 15 11:32:53 localhost.localdomain kernel: /soc@0/funnel@10d13000: Fixed dependency cycle(s) with /soc@0/tpda@10d12000
Apr 15 11:32:53 localhost.localdomain kernel: /soc@0/interrupt-controller@17000000: Fixed dependency cycle(s) with /soc@0/interrupt-controller@17000000
Apr 15 11:32:53 localhost.localdomain kernel: /soc@0/clock-controller@100000: Fixed dependency cycle(s) with /soc@0/phy@1bfc000
Apr 15 11:32:53 localhost.localdomain kernel: /soc@0/clock-controller@100000: Fixed dependency cycle(s) with /soc@0/phy@1c0e000
Apr 15 11:32:53 localhost.localdomain kernel: /soc@0/clock-controller@100000: Fixed dependency cycle(s) with /soc@0/phy@1be0000
Apr 15 11:32:53 localhost.localdomain kernel: /soc@0/geniqup@bc0000/i2c@b8c000/typec-mux@8: Fixed dependency cycle(s) with /soc@0/phy@fd5000
Apr 15 11:32:53 localhost.localdomain kernel: /soc@0/geniqup@bc0000/i2c@b9c000/typec-mux@8: Fixed dependency cycle(s) with /soc@0/phy@fda000
Apr 15 11:32:53 localhost.localdomain kernel: /soc@0/geniqup@bc0000/i2c@b8c000/typec-mux@8: Fixed dependency cycle(s) with /soc@0/phy@fd5000
Apr 15 11:32:53 localhost.localdomain kernel: /soc@0/phy@fd5000: Fixed dependency cycle(s) with /soc@0/display-subsystem@ae00000/displayport-controller@ae90000
Apr 15 11:32:53 localhost.localdomain kernel: /soc@0/phy@fd5000: Fixed dependency cycle(s) with /soc@0/usb@a6f8800/usb@a600000
Apr 15 11:32:53 localhost.localdomain kernel: /soc@0/phy@fd5000: Fixed dependency cycle(s) with /soc@0/geniqup@bc0000/i2c@b8c000/typec-mux@8
Apr 15 11:32:53 localhost.localdomain kernel: /soc@0/geniqup@bc0000/i2c@b9c000/typec-mux@8: Fixed dependency cycle(s) with /soc@0/phy@fda000
Apr 15 11:32:53 localhost.localdomain kernel: /soc@0/phy@fda000: Fixed dependency cycle(s) with /soc@0/display-subsystem@ae00000/displayport-controller@ae98000
Apr 15 11:32:53 localhost.localdomain kernel: /soc@0/phy@fda000: Fixed dependency cycle(s) with /soc@0/usb@a8f8800/usb@a800000
Apr 15 11:32:53 localhost.localdomain kernel: /soc@0/phy@fda000: Fixed dependency cycle(s) with /soc@0/geniqup@bc0000/i2c@b9c000/typec-mux@8
Apr 15 11:32:53 localhost.localdomain kernel: /soc@0/clock-controller@100000: Fixed dependency cycle(s) with /soc@0/phy@1be0000
Apr 15 11:32:53 localhost.localdomain kernel: /soc@0/phy@1be0000: Fixed dependency cycle(s) with /soc@0/clock-controller@100000
Apr 15 11:32:53 localhost.localdomain kernel: /soc@0/clock-controller@100000: Fixed dependency cycle(s) with /soc@0/phy@1bfc000
Apr 15 11:32:53 localhost.localdomain kernel: /soc@0/phy@1bfc000: Fixed dependency cycle(s) with /soc@0/clock-controller@100000
Apr 15 11:32:53 localhost.localdomain kernel: /soc@0/clock-controller@100000: Fixed dependency cycle(s) with /soc@0/phy@1c0e000
Apr 15 11:32:53 localhost.localdomain kernel: /soc@0/phy@1c0e000: Fixed dependency cycle(s) with /soc@0/clock-controller@100000
Apr 15 11:32:53 localhost.localdomain kernel: /soc@0/usb@a6f8800/usb@a600000: Fixed dependency cycle(s) with /soc@0/phy@fd5000
Apr 15 11:32:53 localhost.localdomain kernel: /soc@0/usb@a8f8800/usb@a800000: Fixed dependency cycle(s) with /soc@0/phy@fda000
Apr 15 11:32:53 localhost.localdomain kernel: /soc@0/display-subsystem@ae00000/display-controller@ae01000: Fixed dependency cycle(s) with /soc@0/display-subsystem@ae00000/displayport-controller@aea0000
Apr 15 11:32:53 localhost.localdomain kernel: /soc@0/display-subsystem@ae00000/display-controller@ae01000: Fixed dependency cycle(s) with /soc@0/display-subsystem@ae00000/displayport-controller@ae98000
Apr 15 11:32:53 localhost.localdomain kernel: /soc@0/display-subsystem@ae00000/display-controller@ae01000: Fixed dependency cycle(s) with /soc@0/display-subsystem@ae00000/displayport-controller@ae90000
Apr 15 11:32:53 localhost.localdomain kernel: /soc@0/display-subsystem@ae00000/displayport-controller@ae90000: Fixed dependency cycle(s) with /soc@0/display-subsystem@ae00000/display-controller@ae01000
Apr 15 11:32:53 localhost.localdomain kernel: /soc@0/display-subsystem@ae00000/displayport-controller@ae90000: Fixed dependency cycle(s) with /soc@0/phy@fd5000
Apr 15 11:32:53 localhost.localdomain kernel: /soc@0/display-subsystem@ae00000/displayport-controller@ae98000: Fixed dependency cycle(s) with /soc@0/display-subsystem@ae00000/display-controller@ae01000
Apr 15 11:32:53 localhost.localdomain kernel: /soc@0/display-subsystem@ae00000/displayport-controller@ae98000: Fixed dependency cycle(s) with /soc@0/phy@fda000
Apr 15 11:32:53 localhost.localdomain kernel: /soc@0/display-subsystem@ae00000/displayport-controller@aea0000: Fixed dependency cycle(s) with /soc@0/display-subsystem@ae00000/displayport-controller@aea0000/aux-bus/panel
Apr 15 11:32:53 localhost.localdomain kernel: /soc@0/display-subsystem@ae00000/displayport-controller@aea0000: Fixed dependency cycle(s) with /soc@0/display-subsystem@ae00000/display-controller@ae01000
Apr 15 11:32:53 localhost.localdomain kernel: /soc@0/display-subsystem@ae00000/displayport-controller@aea0000/aux-bus/panel: Fixed dependency cycle(s) with /soc@0/display-subsystem@ae00000/displayport-controller@aea0000
Apr 15 11:32:53 localhost.localdomain kernel: /soc@0/stm@10002000: Fixed dependency cycle(s) with /soc@0/funnel@10041000
Apr 15 11:32:53 localhost.localdomain kernel: /soc@0/tpda@10004000: Fixed dependency cycle(s) with /soc@0/funnel@10041000
Apr 15 11:32:53 localhost.localdomain kernel: /soc@0/tpda@10004000: Fixed dependency cycle(s) with /soc@0/tpdm@1000f000
Apr 15 11:32:53 localhost.localdomain kernel: /soc@0/tpda@10004000: Fixed dependency cycle(s) with /soc@0/tpdm@1000f000
Apr 15 11:32:53 localhost.localdomain kernel: /soc@0/tpdm@1000f000: Fixed dependency cycle(s) with /soc@0/tpda@10004000
Apr 15 11:32:53 localhost.localdomain kernel: /soc@0/tpda@10004000: Fixed dependency cycle(s) with /soc@0/funnel@10041000
Apr 15 11:32:53 localhost.localdomain kernel: /soc@0/stm@10002000: Fixed dependency cycle(s) with /soc@0/funnel@10041000
Apr 15 11:32:53 localhost.localdomain kernel: /soc@0/funnel@10041000: Fixed dependency cycle(s) with /soc@0/funnel@10045000
Apr 15 11:32:53 localhost.localdomain kernel: /soc@0/funnel@10041000: Fixed dependency cycle(s) with /soc@0/stm@10002000
Apr 15 11:32:53 localhost.localdomain kernel: /soc@0/funnel@10041000: Fixed dependency cycle(s) with /soc@0/tpda@10004000
Apr 15 11:32:53 localhost.localdomain kernel: /soc@0/funnel@10042000: Fixed dependency cycle(s) with /soc@0/funnel@10045000
Apr 15 11:32:53 localhost.localdomain kernel: /soc@0/funnel@10042000: Fixed dependency cycle(s) with /soc@0/funnel@10c2c000
Apr 15 11:32:53 localhost.localdomain kernel: /soc@0/funnel@10042000: Fixed dependency cycle(s) with /soc@0/funnel@10ac5000
Apr 15 11:32:53 localhost.localdomain kernel: /soc@0/funnel@10042000: Fixed dependency cycle(s) with /soc@0/funnel@10cc5000
Apr 15 11:32:53 localhost.localdomain kernel: /soc@0/funnel@10042000: Fixed dependency cycle(s) with /soc@0/funnel@10045000
Apr 15 11:32:53 localhost.localdomain kernel: /soc@0/funnel@10041000: Fixed dependency cycle(s) with /soc@0/funnel@10045000
Apr 15 11:32:53 localhost.localdomain kernel: /soc@0/funnel@10045000: Fixed dependency cycle(s) with /soc@0/funnel@10b04000
Apr 15 11:32:53 localhost.localdomain kernel: /soc@0/funnel@10045000: Fixed dependency cycle(s) with /soc@0/funnel@10042000
Apr 15 11:32:53 localhost.localdomain kernel: /soc@0/funnel@10045000: Fixed dependency cycle(s) with /soc@0/funnel@10041000
Apr 15 11:32:53 localhost.localdomain kernel: /soc@0/tpdm@10800000: Fixed dependency cycle(s) with /soc@0/tpda@10c3c000
Apr 15 11:32:53 localhost.localdomain kernel: /soc@0/tpdm@1082c000: Fixed dependency cycle(s) with /soc@0/tpda@10c2b000
Apr 15 11:32:53 localhost.localdomain kernel: /soc@0/tpdm@10841000: Fixed dependency cycle(s) with /soc@0/tpda@10c2b000
Apr 15 11:32:53 localhost.localdomain kernel: /soc@0/tpdm@10844000: Fixed dependency cycle(s) with /soc@0/funnel@10846000
Apr 15 11:32:53 localhost.localdomain kernel: /soc@0/tpdm@10844000: Fixed dependency cycle(s) with /soc@0/funnel@10846000
Apr 15 11:32:53 localhost.localdomain kernel: /soc@0/funnel@10846000: Fixed dependency cycle(s) with /soc@0/tpda@10c2b000
Apr 15 11:32:53 localhost.localdomain kernel: /soc@0/funnel@10846000: Fixed dependency cycle(s) with /soc@0/tpdm@10844000
Apr 15 11:32:53 localhost.localdomain kernel: /soc@0/tpdm@10ac1000: Fixed dependency cycle(s) with /soc@0/tpda@10ac4000
Apr 15 11:32:53 localhost.localdomain kernel: /soc@0/tpdm@10ac1000: Fixed dependency cycle(s) with /soc@0/tpda@10ac4000
Apr 15 11:32:53 localhost.localdomain kernel: /soc@0/tpda@10ac4000: Fixed dependency cycle(s) with /soc@0/funnel@10ac5000
Apr 15 11:32:53 localhost.localdomain kernel: /soc@0/tpda@10ac4000: Fixed dependency cycle(s) with /soc@0/tpdm@10ac1000
Apr 15 11:32:53 localhost.localdomain kernel: /soc@0/tpda@10ac4000: Fixed dependency cycle(s) with /soc@0/funnel@10ac5000
Apr 15 11:32:53 localhost.localdomain kernel: /soc@0/funnel@10042000: Fixed dependency cycle(s) with /soc@0/funnel@10ac5000
Apr 15 11:32:53 localhost.localdomain kernel: /soc@0/funnel@10ac5000: Fixed dependency cycle(s) with /soc@0/funnel@10042000
Apr 15 11:32:53 localhost.localdomain kernel: /soc@0/funnel@10ac5000: Fixed dependency cycle(s) with /soc@0/tpda@10ac4000
Apr 15 11:32:53 localhost.localdomain kernel: /soc@0/funnel@10045000: Fixed dependency cycle(s) with /soc@0/funnel@10b04000
Apr 15 11:32:53 localhost.localdomain kernel: /soc@0/funnel@10b04000: Fixed dependency cycle(s) with /soc@0/tmc@10b05000
Apr 15 11:32:53 localhost.localdomain kernel: /soc@0/funnel@10b04000: Fixed dependency cycle(s) with /soc@0/funnel@10045000
Apr 15 11:32:53 localhost.localdomain kernel: /soc@0/funnel@10b04000: Fixed dependency cycle(s) with /soc@0/tpda@10b08000
Apr 15 11:32:53 localhost.localdomain kernel: /soc@0/funnel@10b04000: Fixed dependency cycle(s) with /soc@0/tmc@10b05000
Apr 15 11:32:53 localhost.localdomain kernel: /soc@0/tmc@10b05000: Fixed dependency cycle(s) with /soc@0/replicator@10b06000
Apr 15 11:32:53 localhost.localdomain kernel: /soc@0/tmc@10b05000: Fixed dependency cycle(s) with /soc@0/funnel@10b04000
Apr 15 11:32:53 localhost.localdomain kernel: /soc@0/tmc@10b05000: Fixed dependency cycle(s) with /soc@0/replicator@10b06000
Apr 15 11:32:53 localhost.localdomain kernel: /dummy-sink: Fixed dependency cycle(s) with /soc@0/replicator@10b06000
Apr 15 11:32:53 localhost.localdomain kernel: /soc@0/replicator@10b06000: Fixed dependency cycle(s) with /dummy-sink
Apr 15 11:32:53 localhost.localdomain kernel: /soc@0/replicator@10b06000: Fixed dependency cycle(s) with /soc@0/tmc@10b05000
Apr 15 11:32:53 localhost.localdomain kernel: /soc@0/funnel@10b04000: Fixed dependency cycle(s) with /soc@0/tpda@10b08000
Apr 15 11:32:53 localhost.localdomain kernel: /soc@0/tpda@10b08000: Fixed dependency cycle(s) with /soc@0/funnel@10b04000
Apr 15 11:32:53 localhost.localdomain kernel: /soc@0/tpda@10b08000: Fixed dependency cycle(s) with /soc@0/tpdm@10b0d000
Apr 15 11:32:53 localhost.localdomain kernel: /soc@0/tpda@10b08000: Fixed dependency cycle(s) with /soc@0/tpdm@10b0c000
Apr 15 11:32:53 localhost.localdomain kernel: /soc@0/tpda@10b08000: Fixed dependency cycle(s) with /soc@0/tpdm@10b0b000
Apr 15 11:32:53 localhost.localdomain kernel: /soc@0/tpda@10b08000: Fixed dependency cycle(s) with /soc@0/tpdm@10b0a000
Apr 15 11:32:53 localhost.localdomain kernel: /soc@0/tpda@10b08000: Fixed dependency cycle(s) with /soc@0/tpdm@10b09000
Apr 15 11:32:53 localhost.localdomain kernel: /soc@0/tpda@10b08000: Fixed dependency cycle(s) with /soc@0/tpdm@10b09000
Apr 15 11:32:53 localhost.localdomain kernel: /soc@0/tpdm@10b09000: Fixed dependency cycle(s) with /soc@0/tpda@10b08000
Apr 15 11:32:53 localhost.localdomain kernel: /soc@0/tpda@10b08000: Fixed dependency cycle(s) with /soc@0/tpdm@10b0a000
Apr 15 11:32:53 localhost.localdomain kernel: /soc@0/tpdm@10b0a000: Fixed dependency cycle(s) with /soc@0/tpda@10b08000
Apr 15 11:32:53 localhost.localdomain kernel: /soc@0/tpda@10b08000: Fixed dependency cycle(s) with /soc@0/tpdm@10b0b000
Apr 15 11:32:53 localhost.localdomain kernel: /soc@0/tpdm@10b0b000: Fixed dependency cycle(s) with /soc@0/tpda@10b08000
Apr 15 11:32:53 localhost.localdomain kernel: /soc@0/tpda@10b08000: Fixed dependency cycle(s) with /soc@0/tpdm@10b0c000
Apr 15 11:32:53 localhost.localdomain kernel: /soc@0/tpdm@10b0c000: Fixed dependency cycle(s) with /soc@0/tpda@10b08000
Apr 15 11:32:53 localhost.localdomain kernel: /soc@0/tpda@10b08000: Fixed dependency cycle(s) with /soc@0/tpdm@10b0d000
Apr 15 11:32:53 localhost.localdomain kernel: /soc@0/tpdm@10b0d000: Fixed dependency cycle(s) with /soc@0/tpda@10b08000
Apr 15 11:32:53 localhost.localdomain kernel: /soc@0/tpdm@10c08000: Fixed dependency cycle(s) with /soc@0/funnel@10c0b000
Apr 15 11:32:53 localhost.localdomain kernel: /soc@0/tpdm@10c08000: Fixed dependency cycle(s) with /soc@0/funnel@10c0b000
Apr 15 11:32:53 localhost.localdomain kernel: /soc@0/funnel@10c0b000: Fixed dependency cycle(s) with /soc@0/tpda@10c3c000
Apr 15 11:32:53 localhost.localdomain kernel: /soc@0/funnel@10c0b000: Fixed dependency cycle(s) with /soc@0/tpdm@10c08000
Apr 15 11:32:53 localhost.localdomain kernel: /soc@0/tpdm@10c28000: Fixed dependency cycle(s) with /soc@0/tpda@10c2b000
Apr 15 11:32:53 localhost.localdomain kernel: /soc@0/tpdm@10c29000: Fixed dependency cycle(s) with /soc@0/tpda@10c2b000
Apr 15 11:32:53 localhost.localdomain kernel: /soc@0/tpdm@10c29000: Fixed dependency cycle(s) with /soc@0/tpda@10c2b000
Apr 15 11:32:53 localhost.localdomain kernel: /soc@0/tpdm@10c28000: Fixed dependency cycle(s) with /soc@0/tpda@10c2b000
Apr 15 11:32:53 localhost.localdomain kernel: /soc@0/funnel@10846000: Fixed dependency cycle(s) with /soc@0/tpda@10c2b000
Apr 15 11:32:53 localhost.localdomain kernel: /soc@0/tpdm@10841000: Fixed dependency cycle(s) with /soc@0/tpda@10c2b000
Apr 15 11:32:53 localhost.localdomain kernel: /soc@0/tpdm@1082c000: Fixed dependency cycle(s) with /soc@0/tpda@10c2b000
Apr 15 11:32:53 localhost.localdomain kernel: /soc@0/tpda@10c2b000: Fixed dependency cycle(s) with /soc@0/funnel@10c2c000
Apr 15 11:32:53 localhost.localdomain kernel: /soc@0/tpda@10c2b000: Fixed dependency cycle(s) with /soc@0/tpdm@10c29000
Apr 15 11:32:53 localhost.localdomain kernel: /soc@0/tpda@10c2b000: Fixed dependency cycle(s) with /soc@0/tpdm@10c28000
Apr 15 11:32:53 localhost.localdomain kernel: /soc@0/tpda@10c2b000: Fixed dependency cycle(s) with /soc@0/tpdm@1082c000
Apr 15 11:32:53 localhost.localdomain kernel: /soc@0/tpda@10c2b000: Fixed dependency cycle(s) with /soc@0/tpdm@10841000
Apr 15 11:32:53 localhost.localdomain kernel: /soc@0/tpda@10c2b000: Fixed dependency cycle(s) with /soc@0/funnel@10846000
Apr 15 11:32:53 localhost.localdomain kernel: /soc@0/tpda@10c2b000: Fixed dependency cycle(s) with /soc@0/funnel@10c2c000
Apr 15 11:32:53 localhost.localdomain kernel: /soc@0/funnel@10042000: Fixed dependency cycle(s) with /soc@0/funnel@10c2c000
Apr 15 11:32:53 localhost.localdomain kernel: /soc@0/funnel@10c2c000: Fixed dependency cycle(s) with /soc@0/funnel@10042000
Apr 15 11:32:53 localhost.localdomain kernel: /soc@0/funnel@10c2c000: Fixed dependency cycle(s) with /soc@0/funnel@10d04000
Apr 15 11:32:53 localhost.localdomain kernel: /soc@0/funnel@10c2c000: Fixed dependency cycle(s) with /soc@0/funnel@10c3d000
Apr 15 11:32:53 localhost.localdomain kernel: /soc@0/funnel@10c2c000: Fixed dependency cycle(s) with /soc@0/tpda@10c2b000
Apr 15 11:32:53 localhost.localdomain kernel: /soc@0/tpdm@10c38000: Fixed dependency cycle(s) with /soc@0/tpda@10c3c000
Apr 15 11:32:53 localhost.localdomain kernel: /soc@0/tpdm@10c39000: Fixed dependency cycle(s) with /soc@0/tpda@10c3c000
Apr 15 11:32:53 localhost.localdomain kernel: /soc@0/tpdm@10c39000: Fixed dependency cycle(s) with /soc@0/tpda@10c3c000
Apr 15 11:32:53 localhost.localdomain kernel: /soc@0/tpdm@10c38000: Fixed dependency cycle(s) with /soc@0/tpda@10c3c000
Apr 15 11:32:53 localhost.localdomain kernel: /soc@0/funnel@10c0b000: Fixed dependency cycle(s) with /soc@0/tpda@10c3c000
Apr 15 11:32:53 localhost.localdomain kernel: /soc@0/tpdm@10800000: Fixed dependency cycle(s) with /soc@0/tpda@10c3c000
Apr 15 11:32:53 localhost.localdomain kernel: /soc@0/tpda@10c3c000: Fixed dependency cycle(s) with /soc@0/funnel@10c3d000
Apr 15 11:32:53 localhost.localdomain kernel: /soc@0/tpda@10c3c000: Fixed dependency cycle(s) with /soc@0/tpdm@10c39000
Apr 15 11:32:53 localhost.localdomain kernel: /soc@0/tpda@10c3c000: Fixed dependency cycle(s) with /soc@0/tpdm@10c38000
Apr 15 11:32:53 localhost.localdomain kernel: /soc@0/tpda@10c3c000: Fixed dependency cycle(s) with /soc@0/tpdm@10800000
Apr 15 11:32:53 localhost.localdomain kernel: /soc@0/tpda@10c3c000: Fixed dependency cycle(s) with /soc@0/funnel@10c0b000
Apr 15 11:32:53 localhost.localdomain kernel: /soc@0/tpda@10c3c000: Fixed dependency cycle(s) with /soc@0/funnel@10c3d000
Apr 15 11:32:53 localhost.localdomain kernel: /soc@0/funnel@10c2c000: Fixed dependency cycle(s) with /soc@0/funnel@10c3d000
Apr 15 11:32:53 localhost.localdomain kernel: /soc@0/funnel@10c3d000: Fixed dependency cycle(s) with /soc@0/funnel@10c2c000
Apr 15 11:32:53 localhost.localdomain kernel: /soc@0/funnel@10c3d000: Fixed dependency cycle(s) with /soc@0/tpda@10c3c000
Apr 15 11:32:53 localhost.localdomain kernel: /soc@0/tpda@10cc4000: Fixed dependency cycle(s) with /soc@0/funnel@10cc5000
Apr 15 11:32:53 localhost.localdomain kernel: /soc@0/tpda@10cc4000: Fixed dependency cycle(s) with /soc@0/funnel@10cc5000
Apr 15 11:32:53 localhost.localdomain kernel: /soc@0/funnel@10042000: Fixed dependency cycle(s) with /soc@0/funnel@10cc5000
Apr 15 11:32:53 localhost.localdomain kernel: /soc@0/funnel@10cc5000: Fixed dependency cycle(s) with /soc@0/funnel@10042000
Apr 15 11:32:53 localhost.localdomain kernel: /soc@0/funnel@10cc5000: Fixed dependency cycle(s) with /soc@0/tpda@10cc4000
Apr 15 11:32:53 localhost.localdomain kernel: /soc@0/funnel@10c2c000: Fixed dependency cycle(s) with /soc@0/funnel@10d04000
Apr 15 11:32:53 localhost.localdomain kernel: /soc@0/funnel@10d04000: Fixed dependency cycle(s) with /soc@0/funnel@10c2c000
Apr 15 11:32:53 localhost.localdomain kernel: /soc@0/funnel@10d04000: Fixed dependency cycle(s) with /soc@0/funnel@10d13000
Apr 15 11:32:53 localhost.localdomain kernel: /soc@0/tpdm@10d08000: Fixed dependency cycle(s) with /soc@0/tpda@10d12000
Apr 15 11:32:53 localhost.localdomain kernel: /soc@0/tpdm@10d09000: Fixed dependency cycle(s) with /soc@0/tpda@10d12000
Apr 15 11:32:53 localhost.localdomain kernel: /soc@0/tpdm@10d0a000: Fixed dependency cycle(s) with /soc@0/tpda@10d12000
Apr 15 11:32:53 localhost.localdomain kernel: /soc@0/tpdm@10d0b000: Fixed dependency cycle(s) with /soc@0/tpda@10d12000
Apr 15 11:32:53 localhost.localdomain kernel: /soc@0/tpdm@10d0c000: Fixed dependency cycle(s) with /soc@0/tpda@10d12000
Apr 15 11:32:53 localhost.localdomain kernel: /soc@0/tpdm@10d0d000: Fixed dependency cycle(s) with /soc@0/tpda@10d12000
Apr 15 11:32:53 localhost.localdomain kernel: /soc@0/tpdm@10d0e000: Fixed dependency cycle(s) with /soc@0/tpda@10d12000
Apr 15 11:32:53 localhost.localdomain kernel: /soc@0/tpdm@10d0f000: Fixed dependency cycle(s) with /soc@0/tpda@10d12000
Apr 15 11:32:53 localhost.localdomain kernel: /soc@0/tpdm@10d0f000: Fixed dependency cycle(s) with /soc@0/tpda@10d12000
Apr 15 11:32:53 localhost.localdomain kernel: /soc@0/tpdm@10d0e000: Fixed dependency cycle(s) with /soc@0/tpda@10d12000
Apr 15 11:32:53 localhost.localdomain kernel: /soc@0/tpdm@10d0d000: Fixed dependency cycle(s) with /soc@0/tpda@10d12000
Apr 15 11:32:53 localhost.localdomain kernel: /soc@0/tpdm@10d0c000: Fixed dependency cycle(s) with /soc@0/tpda@10d12000
Apr 15 11:32:53 localhost.localdomain kernel: /soc@0/tpdm@10d0b000: Fixed dependency cycle(s) with /soc@0/tpda@10d12000
Apr 15 11:32:53 localhost.localdomain kernel: /soc@0/tpdm@10d0a000: Fixed dependency cycle(s) with /soc@0/tpda@10d12000
Apr 15 11:32:53 localhost.localdomain kernel: /soc@0/tpdm@10d09000: Fixed dependency cycle(s) with /soc@0/tpda@10d12000
Apr 15 11:32:53 localhost.localdomain kernel: /soc@0/tpdm@10d08000: Fixed dependency cycle(s) with /soc@0/tpda@10d12000
Apr 15 11:32:53 localhost.localdomain kernel: /soc@0/tpda@10d12000: Fixed dependency cycle(s) with /soc@0/funnel@10d13000
Apr 15 11:32:53 localhost.localdomain kernel: /soc@0/tpda@10d12000: Fixed dependency cycle(s) with /soc@0/tpdm@10d0f000
Apr 15 11:32:53 localhost.localdomain kernel: /soc@0/tpda@10d12000: Fixed dependency cycle(s) with /soc@0/tpdm@10d0e000
Apr 15 11:32:53 localhost.localdomain kernel: /soc@0/tpda@10d12000: Fixed dependency cycle(s) with /soc@0/tpdm@10d0d000
Apr 15 11:32:53 localhost.localdomain kernel: /soc@0/tpda@10d12000: Fixed dependency cycle(s) with /soc@0/tpdm@10d0c000
Apr 15 11:32:53 localhost.localdomain kernel: /soc@0/tpda@10d12000: Fixed dependency cycle(s) with /soc@0/tpdm@10d0b000
Apr 15 11:32:53 localhost.localdomain kernel: /soc@0/tpda@10d12000: Fixed dependency cycle(s) with /soc@0/tpdm@10d0a000
Apr 15 11:32:53 localhost.localdomain kernel: /soc@0/tpda@10d12000: Fixed dependency cycle(s) with /soc@0/tpdm@10d09000
Apr 15 11:32:53 localhost.localdomain kernel: /soc@0/tpda@10d12000: Fixed dependency cycle(s) with /soc@0/tpdm@10d08000
Apr 15 11:32:53 localhost.localdomain kernel: /soc@0/tpda@10d12000: Fixed dependency cycle(s) with /soc@0/funnel@10d13000
Apr 15 11:32:53 localhost.localdomain kernel: /soc@0/funnel@10d04000: Fixed dependency cycle(s) with /soc@0/funnel@10d13000
Apr 15 11:32:53 localhost.localdomain kernel: /soc@0/funnel@10d13000: Fixed dependency cycle(s) with /soc@0/funnel@10d04000
Apr 15 11:32:53 localhost.localdomain kernel: /soc@0/funnel@10d13000: Fixed dependency cycle(s) with /soc@0/tpda@10d12000
Apr 15 11:32:53 localhost.localdomain kernel: /soc@0/rsc@17500000/regulators-0: Fixed dependency cycle(s) with /soc@0/rsc@17500000/regulators-0/bob2
Apr 15 11:32:53 localhost.localdomain kernel: /soc@0/rsc@17500000/regulators-0: Fixed dependency cycle(s) with /soc@0/rsc@17500000/regulators-0/bob1
Apr 15 11:32:53 localhost.localdomain kernel: /soc@0/rsc@17500000/regulators-7: Fixed dependency cycle(s) with /soc@0/rsc@17500000/regulators-7/smps5
Apr 15 11:32:53 localhost.localdomain kernel: /soc@0/rsc@17500000/regulators-7: Fixed dependency cycle(s) with /soc@0/rsc@17500000/regulators-4/smps1
Apr 15 11:32:53 localhost.localdomain kernel: /pmic-glink/connector@0: Fixed dependency cycle(s) with /soc@0/geniqup@bc0000/i2c@b8c000/typec-mux@8
Apr 15 11:32:53 localhost.localdomain kernel: /pmic-glink/connector@0: Fixed dependency cycle(s) with /soc@0/usb@a6f8800/usb@a600000
Apr 15 11:32:53 localhost.localdomain kernel: /pmic-glink/connector@1: Fixed dependency cycle(s) with /soc@0/geniqup@bc0000/i2c@b9c000/typec-mux@8
Apr 15 11:32:53 localhost.localdomain kernel: /pmic-glink/connector@1: Fixed dependency cycle(s) with /soc@0/usb@a8f8800/usb@a800000
Apr 15 11:32:53 localhost.localdomain kernel: HugeTLB: registered 1.00 GiB page size, pre-allocated 0 pages
Apr 15 11:32:53 localhost.localdomain kernel: HugeTLB: 0 KiB vmemmap can be freed for a 1.00 GiB page
Apr 15 11:32:53 localhost.localdomain kernel: HugeTLB: registered 32.0 MiB page size, pre-allocated 0 pages
Apr 15 11:32:53 localhost.localdomain kernel: HugeTLB: 0 KiB vmemmap can be freed for a 32.0 MiB page
Apr 15 11:32:53 localhost.localdomain kernel: HugeTLB: registered 2.00 MiB page size, pre-allocated 0 pages
Apr 15 11:32:53 localhost.localdomain kernel: HugeTLB: 0 KiB vmemmap can be freed for a 2.00 MiB page
Apr 15 11:32:53 localhost.localdomain kernel: HugeTLB: registered 64.0 KiB page size, pre-allocated 0 pages
Apr 15 11:32:53 localhost.localdomain kernel: HugeTLB: 0 KiB vmemmap can be freed for a 64.0 KiB page
Apr 15 11:32:53 localhost.localdomain kernel: fbcon: Taking over console
Apr 15 11:32:53 localhost.localdomain kernel: ACPI: Interpreter disabled.
Apr 15 11:32:53 localhost.localdomain kernel: iommu: Default domain type: Translated
Apr 15 11:32:53 localhost.localdomain kernel: iommu: DMA domain TLB invalidation policy: strict mode
Apr 15 11:32:53 localhost.localdomain kernel: SCSI subsystem initialized
Apr 15 11:32:53 localhost.localdomain kernel: libata version 3.00 loaded.
Apr 15 11:32:53 localhost.localdomain kernel: usbcore: registered new interface driver usbfs
Apr 15 11:32:53 localhost.localdomain kernel: usbcore: registered new interface driver hub
Apr 15 11:32:53 localhost.localdomain kernel: usbcore: registered new device driver usb
Apr 15 11:32:53 localhost.localdomain kernel: pps_core: LinuxPPS API ver. 1 registered
Apr 15 11:32:53 localhost.localdomain kernel: pps_core: Software ver. 5.3.6 - Copyright 2005-2007 Rodolfo Giometti <giometti@linux.it>
Apr 15 11:32:53 localhost.localdomain kernel: PTP clock support registered
Apr 15 11:32:53 localhost.localdomain kernel: EDAC MC: Ver: 3.0.0
Apr 15 11:32:53 localhost.localdomain kernel: scmi_core: SCMI protocol bus registered
Apr 15 11:32:53 localhost.localdomain kernel: NetLabel: Initializing
Apr 15 11:32:53 localhost.localdomain kernel: NetLabel:  domain hash size = 128
Apr 15 11:32:53 localhost.localdomain kernel: NetLabel:  protocols = UNLABELED CIPSOv4 CALIPSO
Apr 15 11:32:53 localhost.localdomain kernel: NetLabel:  unlabeled traffic allowed by default
Apr 15 11:32:53 localhost.localdomain kernel: mctp: management component transport protocol core
Apr 15 11:32:53 localhost.localdomain kernel: NET: Registered PF_MCTP protocol family
Apr 15 11:32:53 localhost.localdomain kernel: vgaarb: loaded
Apr 15 11:32:53 localhost.localdomain kernel: clocksource: Switched to clocksource arch_sys_counter
Apr 15 11:32:53 localhost.localdomain kernel: VFS: Disk quotas dquot_6.6.0
Apr 15 11:32:53 localhost.localdomain kernel: VFS: Dquot-cache hash table entries: 512 (order 0, 4096 bytes)
Apr 15 11:32:53 localhost.localdomain kernel: AppArmor: AppArmor Filesystem Enabled
Apr 15 11:32:53 localhost.localdomain kernel: pnp: PnP ACPI: disabled
Apr 15 11:32:53 localhost.localdomain kernel: NET: Registered PF_INET protocol family
Apr 15 11:32:53 localhost.localdomain kernel: IP idents hash table entries: 262144 (order: 9, 2097152 bytes, linear)
Apr 15 11:32:53 localhost.localdomain kernel: tcp_listen_portaddr_hash hash table entries: 32768 (order: 7, 524288 bytes, linear)
Apr 15 11:32:53 localhost.localdomain kernel: Table-perturb hash table entries: 65536 (order: 6, 262144 bytes, linear)
Apr 15 11:32:53 localhost.localdomain kernel: TCP established hash table entries: 524288 (order: 10, 4194304 bytes, linear)
Apr 15 11:32:53 localhost.localdomain kernel: TCP bind hash table entries: 65536 (order: 9, 2097152 bytes, linear)
Apr 15 11:32:53 localhost.localdomain kernel: TCP: Hash tables configured (established 524288 bind 65536)
Apr 15 11:32:53 localhost.localdomain kernel: MPTCP token hash table entries: 65536 (order: 9, 1572864 bytes, linear)
Apr 15 11:32:53 localhost.localdomain kernel: UDP hash table entries: 32768 (order: 9, 2097152 bytes, linear)
Apr 15 11:32:53 localhost.localdomain kernel: UDP-Lite hash table entries: 32768 (order: 9, 2097152 bytes, linear)
Apr 15 11:32:53 localhost.localdomain kernel: NET: Registered PF_UNIX/PF_LOCAL protocol family
Apr 15 11:32:53 localhost.localdomain kernel: NET: Registered PF_XDP protocol family
Apr 15 11:32:53 localhost.localdomain kernel: PCI: CLS 0 bytes, default 64
Apr 15 11:32:53 localhost.localdomain kernel: Trying to unpack rootfs image as initramfs...
Apr 15 11:32:53 localhost.localdomain kernel: kvm [1]: HYP mode not available
Apr 15 11:32:53 localhost.localdomain kernel: Initialise system trusted keyrings
Apr 15 11:32:53 localhost.localdomain kernel: Key type blacklist registered
Apr 15 11:32:53 localhost.localdomain kernel: workingset: timestamp_bits=40 max_order=24 bucket_order=0
Apr 15 11:32:53 localhost.localdomain kernel: squashfs: version 4.0 (2009/01/31) Phillip Lougher
Apr 15 11:32:53 localhost.localdomain kernel: fuse: init (API version 7.45)
Apr 15 11:32:53 localhost.localdomain kernel: integrity: Platform Keyring initialized
Apr 15 11:32:53 localhost.localdomain kernel: integrity: Machine keyring initialized
Apr 15 11:32:53 localhost.localdomain kernel: Key type asymmetric registered
Apr 15 11:32:53 localhost.localdomain kernel: Asymmetric key parser 'x509' registered
Apr 15 11:32:53 localhost.localdomain kernel: Block layer SCSI generic (bsg) driver version 0.4 loaded (major 241)
Apr 15 11:32:53 localhost.localdomain kernel: io scheduler mq-deadline registered
Apr 15 11:32:53 localhost.localdomain kernel: ledtrig-cpu: registered to indicate activity on CPUs
Apr 15 11:32:53 localhost.localdomain kernel: Serial: 8250/16550 driver, 32 ports, IRQ sharing enabled
Apr 15 11:32:53 localhost.localdomain kernel: msm_serial: driver initialized
Apr 15 11:32:53 localhost.localdomain kernel: SuperH (H)SCI(F) driver initialized
Apr 15 11:32:53 localhost.localdomain kernel: loop: module loaded
Apr 15 11:32:53 localhost.localdomain kernel: tun: Universal TUN/TAP device driver, 1.6
Apr 15 11:32:53 localhost.localdomain kernel: PPP generic driver version 2.4.2
Apr 15 11:32:53 localhost.localdomain kernel: mousedev: PS/2 mouse device common for all mice
Apr 15 11:32:53 localhost.localdomain kernel: i2c_dev: i2c /dev entries driver
Apr 15 11:32:53 localhost.localdomain kernel: device-mapper: core: CONFIG_IMA_DISABLE_HTABLE is disabled. Duplicate IMA measurements will not be recorded in the IMA log.
Apr 15 11:32:53 localhost.localdomain kernel: device-mapper: uevent: version 1.0.3
Apr 15 11:32:53 localhost.localdomain kernel: device-mapper: ioctl: 4.50.0-ioctl (2025-04-28) initialised: dm-devel@lists.linux.dev
Apr 15 11:32:53 localhost.localdomain kernel: failed to register cpuidle driver
Apr 15 11:32:53 localhost.localdomain kernel: CPUidle PSCI: Failed to create psci-cpuidle device
Apr 15 11:32:53 localhost.localdomain kernel: simple-framebuffer simple-framebuffer.0: [drm] Registered 1 planes with drm panic
Apr 15 11:32:53 localhost.localdomain kernel: [drm] Initialized simpledrm 1.0.0 for simple-framebuffer.0 on minor 0
Apr 15 11:32:53 localhost.localdomain kernel: Console: switching to colour frame buffer device 230x85
Apr 15 11:32:53 localhost.localdomain kernel: simple-framebuffer simple-framebuffer.0: [drm] fb0: simpledrmdrmfb frame buffer device
Apr 15 11:32:53 localhost.localdomain kernel: SMCCC: SOC_ID: ARCH_SOC_ID not implemented, skipping ....
Apr 15 11:32:53 localhost.localdomain kernel: clocksource: arch_mmio_counter: mask: 0xffffffffffffff max_cycles: 0x46d987e47, max_idle_ns: 440795202767 ns
Apr 15 11:32:53 localhost.localdomain kernel: arch-timer-mmio 17800000.timer: mmio timer running at 19.20MHz (virt)
Apr 15 11:32:53 localhost.localdomain kernel: hw perfevents: enabled with armv8_pmuv3 PMU driver, 13 (0,80000fff) counters available
Apr 15 11:32:53 localhost.localdomain kernel: drop_monitor: Initializing network drop monitor service
Apr 15 11:32:53 localhost.localdomain kernel: watchdog: NMI not fully supported
Apr 15 11:32:53 localhost.localdomain kernel: watchdog: Hard watchdog permanently disabled
Apr 15 11:32:53 localhost.localdomain kernel: NET: Registered PF_INET6 protocol family
Apr 15 11:32:53 localhost.localdomain kernel: Segment Routing with IPv6
Apr 15 11:32:53 localhost.localdomain kernel: In-situ OAM (IOAM) with IPv6
Apr 15 11:32:53 localhost.localdomain kernel: NET: Registered PF_PACKET protocol family
Apr 15 11:32:53 localhost.localdomain kernel: Key type dns_resolver registered
Apr 15 11:32:53 localhost.localdomain kernel: registered taskstats version 1
Apr 15 11:32:53 localhost.localdomain kernel: Loading compiled-in X.509 certificates
Apr 15 11:32:53 localhost.localdomain kernel: Loaded X.509 cert 'Build time autogenerated kernel key: ed30a2b96d864205e2e7614284ab1668bfe1ad9e'
Apr 15 11:32:53 localhost.localdomain kernel: Loaded X.509 cert 'Canonical Ltd. Live Patch Signing 2025 Kmod: d541cef61dc7e793b7eb7e899970a2eef0b5dc8c'
Apr 15 11:32:53 localhost.localdomain kernel: Loaded X.509 cert 'Canonical Ltd. Live Patch Signing: 14df34d1a87cf37625abec039ef2bf521249b969'
Apr 15 11:32:53 localhost.localdomain kernel: Loaded X.509 cert 'Canonical Ltd. Kernel Module Signing 2025 Kmod: 4627603d2357a2a3f81006370894c221175893e9'
Apr 15 11:32:53 localhost.localdomain kernel: Loaded X.509 cert 'Canonical Ltd. Kernel Module Signing: 88f752e560a1e0737e31163a466ad7b70a850c19'
Apr 15 11:32:53 localhost.localdomain kernel: blacklist: Loading compiled-in revocation X.509 certificates
Apr 15 11:32:53 localhost.localdomain kernel: Loaded X.509 cert 'Canonical Ltd. Secure Boot Signing: 61482aa2830d0ab2ad5af10b7250da9033ddcef0'
Apr 15 11:32:53 localhost.localdomain kernel: Loaded X.509 cert 'Canonical Ltd. Secure Boot Signing (2017): 242ade75ac4a15e50d50c84b0d45ff3eae707a03'
Apr 15 11:32:53 localhost.localdomain kernel: Loaded X.509 cert 'Canonical Ltd. Secure Boot Signing (ESM 2018): 365188c1d374d6b07c3c8f240f8ef722433d6a8b'
Apr 15 11:32:53 localhost.localdomain kernel: Loaded X.509 cert 'Canonical Ltd. Secure Boot Signing (2019): c0746fd6c5da3ae827864651ad66ae47fe24b3e8'
Apr 15 11:32:53 localhost.localdomain kernel: Loaded X.509 cert 'Canonical Ltd. Secure Boot Signing (2021 v1): a8d54bbb3825cfb94fa13c9f8a594a195c107b8d'
Apr 15 11:32:53 localhost.localdomain kernel: Loaded X.509 cert 'Canonical Ltd. Secure Boot Signing (2021 v2): 4cf046892d6fd3c9a5b03f98d845f90851dc6a8c'
Apr 15 11:32:53 localhost.localdomain kernel: Loaded X.509 cert 'Canonical Ltd. Secure Boot Signing (2021 v3): 100437bb6de6e469b581e61cd66bce3ef4ed53af'
Apr 15 11:32:53 localhost.localdomain kernel: Loaded X.509 cert 'Canonical Ltd. Secure Boot Signing (Ubuntu Core 2019): c1d57b8f6b743f23ee41f4f7ee292f06eecadfb9'
Apr 15 11:32:53 localhost.localdomain kernel: Demotion targets for Node 0: null
Apr 15 11:32:53 localhost.localdomain kernel: Key type .fscrypt registered
Apr 15 11:32:53 localhost.localdomain kernel: Key type fscrypt-provisioning registered
Apr 15 11:32:53 localhost.localdomain kernel: Key type big_key registered
Apr 15 11:32:53 localhost.localdomain kernel: Freeing initrd memory: 98500K
Apr 15 11:32:53 localhost.localdomain kernel: Key type encrypted registered
Apr 15 11:32:53 localhost.localdomain kernel: AppArmor: AppArmor sha256 policy hashing enabled
Apr 15 11:32:53 localhost.localdomain kernel: ima: secureboot mode unknown, no efi
Apr 15 11:32:53 localhost.localdomain kernel: ima: No TPM chip found, activating TPM-bypass!
Apr 15 11:32:53 localhost.localdomain kernel: Loading compiled-in module X.509 certificates
Apr 15 11:32:53 localhost.localdomain kernel: Loaded X.509 cert 'Build time autogenerated kernel key: ed30a2b96d864205e2e7614284ab1668bfe1ad9e'
Apr 15 11:32:53 localhost.localdomain kernel: ima: Allocated hash algorithm: sha256
Apr 15 11:32:53 localhost.localdomain kernel: ima: No architecture policies found
Apr 15 11:32:53 localhost.localdomain kernel: evm: Initialising EVM extended attributes:
Apr 15 11:32:53 localhost.localdomain kernel: evm: security.selinux
Apr 15 11:32:53 localhost.localdomain kernel: evm: security.SMACK64
Apr 15 11:32:53 localhost.localdomain kernel: evm: security.SMACK64EXEC
Apr 15 11:32:53 localhost.localdomain kernel: evm: security.SMACK64TRANSMUTE
Apr 15 11:32:53 localhost.localdomain kernel: evm: security.SMACK64MMAP
Apr 15 11:32:53 localhost.localdomain kernel: evm: security.apparmor
Apr 15 11:32:53 localhost.localdomain kernel: evm: security.ima
Apr 15 11:32:53 localhost.localdomain kernel: evm: security.capability
Apr 15 11:32:53 localhost.localdomain kernel: evm: HMAC attrs: 0x1
Apr 15 11:32:53 localhost.localdomain kernel: clk: Not disabling unused clocks
Apr 15 11:32:53 localhost.localdomain kernel: PM: genpd: Not disabling unused power domains
Apr 15 11:32:53 localhost.localdomain kernel: Freeing unused kernel memory: 15168K
Apr 15 11:32:53 localhost.localdomain kernel: Checked W+X mappings: passed, no W+X pages found
Apr 15 11:32:53 localhost.localdomain kernel: Run /init as init process
Apr 15 11:32:53 localhost.localdomain kernel:   with arguments:
Apr 15 11:32:53 localhost.localdomain kernel:     /init
Apr 15 11:32:53 localhost.localdomain kernel:     toram
Apr 15 11:32:53 localhost.localdomain kernel:   with environment:
Apr 15 11:32:53 localhost.localdomain kernel:     HOME=/
Apr 15 11:32:53 localhost.localdomain kernel:     TERM=linux
Apr 15 11:32:53 localhost.localdomain systemd[1]: Setting '/proc/sys/kernel/printk_devkmsg' to 'on'
Apr 15 11:32:53 localhost.localdomain systemd[1]: Loaded shared library 'libselinux.so.1' via dlopen().
Apr 15 11:32:53 localhost.localdomain systemd[1]: Smack is not enabled in the kernel.
Apr 15 11:32:53 localhost.localdomain systemd[1]: Shared library 'libapparmor.so.1' is not available: libapparmor.so.1: cannot open shared object file: No such file or directory
Apr 15 11:32:53 localhost.localdomain systemd[1]: Skipping AppArmor initialization: not supported by the kernel, disabled, or libapparmor not installed.
Apr 15 11:32:53 localhost.localdomain systemd[1]: No IMA custom policy file /etc/ima/ima-policy, ignoring: No such file or directory
Apr 15 11:32:53 localhost.localdomain systemd[1]: IPE support is disabled in the kernel, ignoring: No such file or directory
Apr 15 11:32:53 localhost.localdomain systemd[1]: System time advanced to built-in epoch: Wed 2026-04-15 18:32:53 UTC
Apr 15 11:32:53 localhost.localdomain systemd[1]: Loaded shared library 'libkmod.so.2' via dlopen().
Apr 15 11:32:53 localhost.localdomain systemd[1]: Loading module: autofs4
Apr 15 11:32:53 localhost.localdomain systemd[1]: Module 'autofs4' is deny-listed (by kmod)
Apr 15 11:32:53 localhost.localdomain systemd[1]: No virtualization found in DMI vendor table.
Apr 15 11:32:53 localhost.localdomain systemd[1]: Unable to read /sys/firmware/dmi/entries/0-0/raw, using the virtualization information found in DMI vendor table, ignoring: No such file or directory
Apr 15 11:32:53 localhost.localdomain systemd[1]: UML virtualization not found in /proc/cpuinfo.
Apr 15 11:32:53 localhost.localdomain systemd[1]: Virtualization XEN not found, /proc/xen does not exist
Apr 15 11:32:53 localhost.localdomain systemd[1]: No virtualization found in CPUID
Apr 15 11:32:53 localhost.localdomain systemd[1]: No virtualization found in /proc/device-tree/*
Apr 15 11:32:53 localhost.localdomain systemd[1]: This platform does not support /proc/sysinfo
Apr 15 11:32:53 localhost.localdomain systemd[1]: Found VM virtualization none
Apr 15 11:32:53 localhost.localdomain systemd[1]: Loading module: dmi-sysfs
Apr 15 11:32:53 localhost.localdomain systemd[1]: Inserted module 'dmi_sysfs'
Apr 15 11:32:53 localhost.localdomain systemd[1]: Mounting tmpfs (tmpfs) on /dev/shm (MS_NOSUID|MS_NODEV|MS_STRICTATIME "mode=01777,usrquota")...
Apr 15 11:32:53 localhost.localdomain systemd[1]: Mounting devpts (devpts) on /dev/pts (MS_NOSUID|MS_NOEXEC "mode=0600,gid=5")...
Apr 15 11:32:53 localhost.localdomain systemd[1]: Mounting tmpfs (tmpfs) on /run (MS_NOSUID|MS_NODEV|MS_STRICTATIME "mode=0755,size=20%,nr_inodes=800k")...
Apr 15 11:32:53 localhost.localdomain systemd[1]: Mounting cgroup2 (cgroup2) on /sys/fs/cgroup (MS_NOSUID|MS_NODEV|MS_NOEXEC "nsdelegate,memory_recursiveprot,memory_hugetlb_accounting")...
Apr 15 11:32:53 localhost.localdomain systemd[1]: Mounting pstore (pstore) on /sys/fs/pstore (MS_NOSUID|MS_NODEV|MS_NOEXEC "")...
Apr 15 11:32:53 localhost.localdomain systemd[1]: Mounting efivarfs (efivarfs) on /sys/firmware/efi/efivars (MS_NOSUID|MS_NODEV|MS_NOEXEC "")...
Apr 15 11:32:53 localhost.localdomain systemd[1]: Failed to mount efivarfs (type efivarfs) on /sys/firmware/efi/efivars (MS_NOSUID|MS_NODEV|MS_NOEXEC ""): Operation not supported
Apr 15 11:32:53 localhost.localdomain systemd[1]: Mounting bpf (bpf) on /sys/fs/bpf (MS_NOSUID|MS_NODEV|MS_NOEXEC "mode=0700")...
Apr 15 11:32:53 localhost.localdomain systemd[1]: Bind-mounting /usr on /usr (MS_BIND|MS_REC "")...
Apr 15 11:32:53 localhost.localdomain systemd[1]: Changing mount flags /usr (MS_RDONLY|MS_REMOUNT|MS_BIND "")...
Apr 15 11:32:53 localhost.localdomain systemd[1]: Successfully made /usr/ read-only.
Apr 15 11:32:53 localhost.localdomain systemd[1]: systemd 259.5-0ubuntu3 running in system mode (+PAM +AUDIT +SELINUX +APPARMOR +IMA +IPE +SMACK +SECCOMP +GCRYPT -GNUTLS +OPENSSL +ACL +BLKID +CURL +ELFUTILS +FIDO2 +IDN2 -IDN +KMOD +LIBCRYPTSETUP +LIBCRYPTSETUP_PLUGINS +LIBFDISK +PCRE2 +PWQUALITY +P11KIT +QRENCODE +TPM2 +BZIP2 +LZ4 +XZ +ZLIB +ZSTD +BPF_FRAMEWORK +BTF -XKBCOMMON -UTMP +SYSVINIT +LIBARCHIVE)
Apr 15 11:32:53 localhost.localdomain systemd[1]: Unable to check /sys/devices/platform/arm-cca-dev: No such file or directory
Apr 15 11:32:53 localhost.localdomain systemd[1]: Detected architecture arm64.
Apr 15 11:32:53 localhost.localdomain systemd[1]: Running in initrd.
Apr 15 11:32:53 localhost.localdomain systemd[1]: Kernel version 7.0.0-14-generic, our baseline is 5.7
Apr 15 11:32:53 localhost.localdomain systemd[1]: No credentials passed via /.extra/credentials/.
Apr 15 11:32:53 localhost.localdomain systemd[1]: No credentials passed via /.extra/global_credentials/.
Apr 15 11:32:53 localhost.localdomain systemd[1]: No credentials passed via fw_cfg.
Apr 15 11:32:53 localhost.localdomain systemd[1]: Acquired 0 regular credentials, 0 untrusted credentials.
Apr 15 11:32:53 localhost.localdomain systemd[1]: Successfully opened existing '/etc/machine-id' file in writable mode.
Apr 15 11:32:53 localhost.localdomain systemd[1]: Hostname set to <localhost.localdomain>.
Apr 15 11:32:53 localhost.localdomain systemd[1]: Successfully added address 127.0.0.1 to loopback interface
Apr 15 11:32:53 localhost.localdomain systemd[1]: Successfully added address ::1 to loopback interface
Apr 15 11:32:53 localhost.localdomain systemd[1]: Successfully brought loopback interface up
Apr 15 11:32:53 localhost.localdomain systemd[1]: Setting '/proc/sys/net/unix/max_dgram_qlen' to '512'
Apr 15 11:32:53 localhost.localdomain systemd[1]: Setting '/proc/sys/fs/file-max' to '9223372036854775807'
Apr 15 11:32:53 localhost.localdomain systemd[1]: Setting '/proc/sys/fs/nr_open' to '2147483584'
Apr 15 11:32:53 localhost.localdomain systemd[1]: Successfully bumped fs.nr_open to 2147483584
Apr 15 11:32:53 localhost.localdomain systemd[1]: OSC sequence for boot successfully written: \033]3008;start=4bbd79420d2c44e3a2dc1bc1fa5e3d98;user=root;hostname=localhost.localdomain;machineid=fb322638a5474f3b93d89f8340805dbf;bootid=f79b0fdde4cd4ab89e82cba3a4aad5cf;pid=1;pidfdid=1;comm=systemd;type=boot\033\\
Apr 15 11:32:53 localhost.localdomain systemd[1]: Reading EFI variable /sys/firmware/efi/efivars/LoaderTimeInitUSec-4a67b082-0a4c-41cf-b6c7-440b29bb8c4f.
Apr 15 11:32:53 localhost.localdomain systemd[1]: open("/sys/firmware/efi/efivars/LoaderTimeInitUSec-4a67b082-0a4c-41cf-b6c7-440b29bb8c4f") failed: No such file or directory
Apr 15 11:32:53 localhost.localdomain systemd[1]: Failed to read LoaderTimeInitUSec: No such file or directory
Apr 15 11:32:53 localhost.localdomain systemd[1]: Loaded 'libbpf.so.1' via dlopen()
Apr 15 11:32:53 localhost.localdomain systemd[1]: libbpf: prog 'sd_bind4': failed to attach to cgroup: -EBADF
Apr 15 11:32:53 localhost.localdomain systemd[1]: libbpf: prog 'sd_restrictif_i': failed to attach to cgroup: -EBADF
Apr 15 11:32:53 localhost.localdomain systemd[1]: Controller 'cpu' supported: yes
Apr 15 11:32:53 localhost.localdomain systemd[1]: Controller 'cpuacct' supported: no
Apr 15 11:32:53 localhost.localdomain systemd[1]: Controller 'cpuset' supported: yes
Apr 15 11:32:53 localhost.localdomain systemd[1]: Controller 'io' supported: yes
Apr 15 11:32:53 localhost.localdomain systemd[1]: Controller 'blkio' supported: no
Apr 15 11:32:53 localhost.localdomain systemd[1]: Controller 'memory' supported: yes
Apr 15 11:32:53 localhost.localdomain systemd[1]: Controller 'devices' supported: no
Apr 15 11:32:53 localhost.localdomain systemd[1]: Controller 'pids' supported: yes
Apr 15 11:32:53 localhost.localdomain systemd[1]: Controller 'bpf-firewall' supported: yes
Apr 15 11:32:53 localhost.localdomain systemd[1]: Controller 'bpf-devices' supported: yes
Apr 15 11:32:53 localhost.localdomain systemd[1]: Controller 'bpf-foreign' supported: yes
Apr 15 11:32:53 localhost.localdomain systemd[1]: Controller 'bpf-socket-bind' supported: yes
Apr 15 11:32:53 localhost.localdomain systemd[1]: Controller 'bpf-restrict-network-interfaces' supported: yes
Apr 15 11:32:53 localhost.localdomain systemd[1]: Set up TFD_TIMER_CANCEL_ON_SET timerfd.
Apr 15 11:32:53 localhost.localdomain systemd[1]: Failed to stat /etc/localtime, ignoring: No such file or directory
Apr 15 11:32:53 localhost.localdomain systemd[1]: /etc/localtime doesn't exist yet, watching /etc instead.
Apr 15 11:32:53 localhost.localdomain systemd[1]: bpf-restrict-fs: BPF LSM hook not enabled in the kernel, BPF LSM not supported.
Apr 15 11:32:53 localhost.localdomain systemd[1]: Using systemd-executor binary from '/usr/lib/systemd/systemd-executor'.
Apr 15 11:32:53 localhost.localdomain systemd[1]: Enabling (yes) showing of status (command line).
Apr 15 11:32:53 localhost.localdomain systemd[1]: Successfully forked off '(sd-gens)' as PID 149.
Apr 15 11:32:53 localhost.localdomain (sd-g[149]: Successfully forked off '(generators)' as PID 150.
Apr 15 11:32:53 localhost.localdomain (gene[150]: About to execute /usr/lib/systemd/system-generators/dracut-crypt-generator
Apr 15 11:32:53 localhost.localdomain (gene[150]: Successfully forked off '(exec-inner)' as PID 151.
Apr 15 11:32:53 localhost.localdomain (gene[150]: About to execute /usr/lib/systemd/system-generators/dracut-rootfs-generator
Apr 15 11:32:53 localhost.localdomain (gene[150]: Successfully forked off '(exec-inner)' as PID 152.
Apr 15 11:32:53 localhost.localdomain (gene[150]: About to execute /usr/lib/systemd/system-generators/systemd-cryptsetup-generator
Apr 15 11:32:53 localhost.localdomain (gene[150]: Successfully forked off '(exec-inner)' as PID 153.
Apr 15 11:32:53 localhost.localdomain (gene[150]: About to execute /usr/lib/systemd/system-generators/systemd-debug-generator
Apr 15 11:32:53 localhost.localdomain (gene[150]: Successfully forked off '(exec-inner)' as PID 154.
Apr 15 11:32:53 localhost.localdomain (gene[150]: About to execute /usr/lib/systemd/system-generators/systemd-fstab-generator
Apr 15 11:32:53 localhost.localdomain (gene[150]: Successfully forked off '(exec-inner)' as PID 155.
Apr 15 11:32:53 localhost.localdomain (gene[150]: About to execute /usr/lib/systemd/system-generators/systemd-gpt-auto-generator
Apr 15 11:32:53 localhost.localdomain (gene[150]: Successfully forked off '(exec-inner)' as PID 156.
Apr 15 11:32:53 localhost.localdomain systemd-gpt-auto-generator[156]: Disabling partition auto-detection, root= is neither unset, nor set to 'gpt-auto', 'gpt-auto-force', 'dissect' or 'dissect-force'.
Apr 15 11:32:53 localhost.localdomain systemd-fstab-generator[155]: Disabling partition auto-detection, root= is neither unset, nor set to 'gpt-auto', 'gpt-auto-force', 'dissect' or 'dissect-force'.
Apr 15 11:32:53 localhost.localdomain systemd-fstab-generator[155]: Found entry what=/dev/mapper/ubuntu--vg-ubuntu--lv where=/sysroot type=n/a opts=ro
Apr 15 11:32:53 localhost.localdomain systemd-fstab-generator[155]: Parsing /etc/fstab...
Apr 15 11:32:53 localhost.localdomain systemd-fstab-generator[155]: Loaded shared library 'libmount.so.1' via dlopen().
Apr 15 11:32:53 localhost.localdomain systemd-fstab-generator[155]: Parsing /sysroot/etc/fstab...
Apr 15 11:32:53 localhost.localdomain (gene[150]: /usr/lib/systemd/system-generators/systemd-fstab-generator succeeded.
Apr 15 11:32:53 localhost.localdomain (gene[150]: /usr/lib/systemd/system-generators/systemd-cryptsetup-generator succeeded.
Apr 15 11:32:53 localhost.localdomain (gene[150]: /usr/lib/systemd/system-generators/systemd-debug-generator succeeded.
Apr 15 11:32:53 localhost.localdomain (gene[150]: /usr/lib/systemd/system-generators/systemd-gpt-auto-generator succeeded.
Apr 15 11:32:53 localhost.localdomain (gene[150]: /usr/lib/systemd/system-generators/dracut-crypt-generator succeeded.
Apr 15 11:32:53 localhost.localdomain (gene[150]: /usr/lib/systemd/system-generators/dracut-rootfs-generator succeeded.
Apr 15 11:32:53 localhost.localdomain (sd-g[149]: (generators) succeeded.
Apr 15 11:32:53 localhost.localdomain systemd[1]: (sd-gens) succeeded.
Apr 15 11:32:53 localhost.localdomain systemd[1]: Looking for unit files in (higher priority first):
Apr 15 11:32:53 localhost.localdomain systemd[1]:         /etc/systemd/system.control
Apr 15 11:32:53 localhost.localdomain systemd[1]:         /run/systemd/system.control
Apr 15 11:32:53 localhost.localdomain systemd[1]:         /run/systemd/transient
Apr 15 11:32:53 localhost.localdomain systemd[1]:         /run/systemd/generator.early
Apr 15 11:32:53 localhost.localdomain systemd[1]:         /etc/systemd/system
Apr 15 11:32:53 localhost.localdomain systemd[1]:         /etc/systemd/system.attached
Apr 15 11:32:53 localhost.localdomain systemd[1]:         /run/systemd/system
Apr 15 11:32:53 localhost.localdomain systemd[1]:         /run/systemd/system.attached
Apr 15 11:32:53 localhost.localdomain systemd[1]:         /run/systemd/generator
Apr 15 11:32:53 localhost.localdomain systemd[1]:         /usr/local/lib/systemd/system
Apr 15 11:32:53 localhost.localdomain systemd[1]:         /usr/lib/systemd/system
Apr 15 11:32:53 localhost.localdomain systemd[1]:         /run/systemd/generator.late
Apr 15 11:32:53 localhost.localdomain systemd[1]: Unit type .automount is not supported on this system.
Apr 15 11:32:53 localhost.localdomain systemd[1]: Unit type .automount is not supported on this system.
Apr 15 11:32:53 localhost.localdomain systemd[1]: Modification times have changed, need to update cache.
Apr 15 11:32:53 localhost.localdomain systemd[1]: unit_file_build_name_map: normal unit file: /run/systemd/generator/systemd-fsck-root.service
Apr 15 11:32:53 localhost.localdomain systemd[1]: unit_file_build_name_map: normal unit file: /run/systemd/generator/sysroot.mount
Apr 15 11:32:53 localhost.localdomain systemd[1]: unit_file_build_name_map: normal unit file: /run/systemd/generator/systemd-cryptsetup@dm_crypt\x2d0.service
Apr 15 11:32:53 localhost.localdomain systemd[1]: unit_file_build_name_map: normal unit file: /usr/lib/systemd/system/umount.target
Apr 15 11:32:53 localhost.localdomain systemd[1]: unit_file_build_name_map: normal unit file: /usr/lib/systemd/system/timers.target
Apr 15 11:32:53 localhost.localdomain systemd[1]: unit_file_build_name_map: normal unit file: /usr/lib/systemd/system/systemd-volatile-root.service
Apr 15 11:32:53 localhost.localdomain systemd[1]: unit_file_build_name_map: normal unit file: /usr/lib/systemd/system/systemd-validatefs@.service
Apr 15 11:32:53 localhost.localdomain systemd[1]: unit_file_build_name_map: normal unit file: /usr/lib/systemd/system/systemd-udevd.service
Apr 15 11:32:53 localhost.localdomain systemd[1]: unit_file_build_name_map: normal unit file: /usr/lib/systemd/system/systemd-udevd-kernel.socket
Apr 15 11:32:53 localhost.localdomain systemd[1]: unit_file_build_name_map: normal unit file: /usr/lib/systemd/system/systemd-udevd-control.socket
Apr 15 11:32:53 localhost.localdomain systemd[1]: unit_file_build_name_map: normal unit file: /usr/lib/systemd/system/systemd-udev-trigger.service
Apr 15 11:32:53 localhost.localdomain systemd[1]: unit_file_build_name_map: normal unit file: /usr/lib/systemd/system/systemd-udev-settle.service
Apr 15 11:32:53 localhost.localdomain systemd[1]: unit_file_build_name_map: normal unit file: /usr/lib/systemd/system/systemd-tmpfiles-setup.service
Apr 15 11:32:53 localhost.localdomain systemd[1]: unit_file_build_name_map: normal unit file: /usr/lib/systemd/system/systemd-tmpfiles-setup-dev.service
Apr 15 11:32:53 localhost.localdomain systemd[1]: unit_file_build_name_map: normal unit file: /usr/lib/systemd/system/systemd-tmpfiles-setup-dev-early.service
Apr 15 11:32:53 localhost.localdomain systemd[1]: unit_file_build_name_map: normal unit file: /usr/lib/systemd/system/systemd-tmpfiles-clean.service
Apr 15 11:32:53 localhost.localdomain systemd[1]: unit_file_build_name_map: normal unit file: /usr/lib/systemd/system/systemd-sysctl.service
Apr 15 11:32:53 localhost.localdomain systemd[1]: unit_file_build_name_map: normal unit file: /usr/lib/systemd/system/systemd-reboot.service
Apr 15 11:32:53 localhost.localdomain systemd[1]: unit_file_build_name_map: normal unit file: /usr/lib/systemd/system/systemd-poweroff.service
Apr 15 11:32:53 localhost.localdomain systemd[1]: unit_file_build_name_map: normal unit file: /usr/lib/systemd/system/systemd-pcrphase-initrd.service
Apr 15 11:32:53 localhost.localdomain systemd[1]: unit_file_build_name_map: normal unit file: /usr/lib/systemd/system/systemd-modules-load.service
Apr 15 11:32:53 localhost.localdomain systemd[1]: unit_file_build_name_map: normal unit file: /usr/lib/systemd/system/systemd-kexec.service
Apr 15 11:32:53 localhost.localdomain systemd[1]: unit_file_build_name_map: normal unit file: /usr/lib/systemd/system/systemd-journald@.socket
Apr 15 11:32:53 localhost.localdomain systemd[1]: unit_file_build_name_map: normal unit file: /usr/lib/systemd/system/systemd-journald@.service
